DEBUG - 2025-04-29 05:21:01 --> Session: Class initialized using 'CodeIgniter\Session\Handlers\FileHandler' driver.
DEBUG - 2025-04-29 05:21:05 --> Session: Class initialized using 'CodeIgniter\Session\Handlers\FileHandler' driver.
DEBUG - 2025-04-29 05:21:06 --> Session: Class initialized using 'CodeIgniter\Session\Handlers\FileHandler' driver.
DEBUG - 2025-04-29 05:21:12 --> Session: Class initialized using 'CodeIgniter\Session\Handlers\FileHandler' driver.
DEBUG - 2025-04-29 05:21:12 --> Session: Class initialized using 'CodeIgniter\Session\Handlers\FileHandler' driver.
DEBUG - 2025-04-29 05:23:22 --> Session: Class initialized using 'CodeIgniter\Session\Handlers\FileHandler' driver.
DEBUG - 2025-04-29 06:04:52 --> Session: Class initialized using 'CodeIgniter\Session\Handlers\FileHandler' driver.
CRITICAL - 2025-04-29 06:04:52 --> ErrorException: Undefined array key "totals"
[Method: GET, Route: admin/dashboard]
in APPPATH\Views\admin\dashboard.php on line 46.
 1 APPPATH\Views\admin\dashboard.php(46): CodeIgniter\Debug\Exceptions->errorHandler(2, 'Undefined array key "totals"', 'C:\\xampp\\htdocs\\githubProject\\codeigniter\\app\\Views\\admin\\dashboard.php', 46)
 2 SYSTEMPATH\View\View.php(224): include('C:\\xampp\\htdocs\\githubProject\\codeigniter\\app\\Views\\admin\\dashboard.php')
 3 SYSTEMPATH\View\View.php(227): CodeIgniter\View\View->{closure:CodeIgniter\View\View::render():221}()
 4 SYSTEMPATH\Common.php(1173): CodeIgniter\View\View->render('admin/dashboard', [], true)
 5 APPPATH\Controllers\admin\Dashboard.php(24): view('admin/dashboard', [...])
 6 SYSTEMPATH\CodeIgniter.php(933): App\Controllers\admin\Dashboard->index()
 7 SYSTEMPATH\CodeIgniter.php(507): CodeIgniter\CodeIgniter->runController(Object(App\Controllers\admin\Dashboard))
 8 SYSTEMPATH\CodeIgniter.php(354): CodeIgniter\CodeIgniter->handleRequest(null, Object(Config\Cache), false)
 9 SYSTEMPATH\Boot.php(334): CodeIgniter\CodeIgniter->run()
10 SYSTEMPATH\Boot.php(67): CodeIgniter\Boot::runCodeIgniter(Object(CodeIgniter\CodeIgniter))
11 FCPATH\index.php(55): CodeIgniter\Boot::bootWeb(Object(Config\Paths))
12 SYSTEMPATH\rewrite.php(44): require_once('C:\\xampp\\htdocs\\githubProject\\codeigniter\\public\\index.php')
DEBUG - 2025-04-29 06:05:19 --> Session: Class initialized using 'CodeIgniter\Session\Handlers\FileHandler' driver.
DEBUG - 2025-04-29 06:07:30 --> Session: Class initialized using 'CodeIgniter\Session\Handlers\FileHandler' driver.
DEBUG - 2025-04-29 06:09:33 --> Session: Class initialized using 'CodeIgniter\Session\Handlers\FileHandler' driver.
ERROR - 2025-04-29 06:15:45 --> mysqli_sql_exception: Table 'remark' already exists in C:\xampp\htdocs\githubProject\codeigniter\system\Database\MySQLi\Connection.php:327
Stack trace:
#0 C:\xampp\htdocs\githubProject\codeigniter\system\Database\MySQLi\Connection.php(327): mysqli->query('CREATE TABLE `r...', 0)
#1 C:\xampp\htdocs\githubProject\codeigniter\system\Database\BaseConnection.php(738): CodeIgniter\Database\MySQLi\Connection->execute('CREATE TABLE `r...')
#2 C:\xampp\htdocs\githubProject\codeigniter\system\Database\BaseConnection.php(652): CodeIgniter\Database\BaseConnection->simpleQuery('CREATE TABLE `r...')
#3 C:\xampp\htdocs\githubProject\codeigniter\system\Database\Forge.php(570): CodeIgniter\Database\BaseConnection->query('CREATE TABLE `r...')
#4 C:\xampp\htdocs\githubProject\codeigniter\app\Database\Migrations\2025-04-23-002641_CreateRemarkTable.php(41): CodeIgniter\Database\Forge->createTable('remark')
#5 C:\xampp\htdocs\githubProject\codeigniter\system\Database\MigrationRunner.php(866): App\Database\Migrations\CreateRemarkTable->up()
#6 C:\xampp\htdocs\githubProject\codeigniter\system\Database\MigrationRunner.php(182): CodeIgniter\Database\MigrationRunner->migrate('up', Object(stdClass))
#7 C:\xampp\htdocs\githubProject\codeigniter\system\Commands\Database\Migrate.php(85): CodeIgniter\Database\MigrationRunner->latest(NULL)
#8 C:\xampp\htdocs\githubProject\codeigniter\system\CLI\Commands.php(70): CodeIgniter\Commands\Database\Migrate->run(Array)
#9 C:\xampp\htdocs\githubProject\codeigniter\system\CLI\Console.php(48): CodeIgniter\CLI\Commands->run('migrate', Array)
#10 C:\xampp\htdocs\githubProject\codeigniter\system\Boot.php(360): CodeIgniter\CLI\Console->run()
#11 C:\xampp\htdocs\githubProject\codeigniter\system\Boot.php(104): CodeIgniter\Boot::runCommand(Object(CodeIgniter\CLI\Console))
#12 C:\xampp\htdocs\githubProject\codeigniter\spark(84): CodeIgniter\Boot::bootSpark(Object(Config\Paths))
#13 {main}
ERROR - 2025-04-29 06:19:31 --> mysqli_sql_exception: Table 'remark' already exists in C:\xampp\htdocs\githubProject\codeigniter\system\Database\MySQLi\Connection.php:327
Stack trace:
#0 C:\xampp\htdocs\githubProject\codeigniter\system\Database\MySQLi\Connection.php(327): mysqli->query('CREATE TABLE `r...', 0)
#1 C:\xampp\htdocs\githubProject\codeigniter\system\Database\BaseConnection.php(738): CodeIgniter\Database\MySQLi\Connection->execute('CREATE TABLE `r...')
#2 C:\xampp\htdocs\githubProject\codeigniter\system\Database\BaseConnection.php(652): CodeIgniter\Database\BaseConnection->simpleQuery('CREATE TABLE `r...')
#3 C:\xampp\htdocs\githubProject\codeigniter\system\Database\Forge.php(570): CodeIgniter\Database\BaseConnection->query('CREATE TABLE `r...')
#4 C:\xampp\htdocs\githubProject\codeigniter\app\Database\Migrations\2025-04-23-002641_CreateRemarkTable.php(41): CodeIgniter\Database\Forge->createTable('remark')
#5 C:\xampp\htdocs\githubProject\codeigniter\system\Database\MigrationRunner.php(866): App\Database\Migrations\CreateRemarkTable->up()
#6 C:\xampp\htdocs\githubProject\codeigniter\system\Database\MigrationRunner.php(182): CodeIgniter\Database\MigrationRunner->migrate('up', Object(stdClass))
#7 C:\xampp\htdocs\githubProject\codeigniter\system\Commands\Database\Migrate.php(85): CodeIgniter\Database\MigrationRunner->latest(NULL)
#8 C:\xampp\htdocs\githubProject\codeigniter\system\CLI\Commands.php(70): CodeIgniter\Commands\Database\Migrate->run(Array)
#9 C:\xampp\htdocs\githubProject\codeigniter\system\CLI\Console.php(48): CodeIgniter\CLI\Commands->run('migrate', Array)
#10 C:\xampp\htdocs\githubProject\codeigniter\system\Boot.php(360): CodeIgniter\CLI\Console->run()
#11 C:\xampp\htdocs\githubProject\codeigniter\system\Boot.php(104): CodeIgniter\Boot::runCommand(Object(CodeIgniter\CLI\Console))
#12 C:\xampp\htdocs\githubProject\codeigniter\spark(84): CodeIgniter\Boot::bootSpark(Object(Config\Paths))
#13 {main}
ERROR - 2025-04-29 06:22:59 --> mysqli_sql_exception: Table 'admin' already exists in C:\xampp\htdocs\githubProject\codeigniter\system\Database\MySQLi\Connection.php:327
Stack trace:
#0 C:\xampp\htdocs\githubProject\codeigniter\system\Database\MySQLi\Connection.php(327): mysqli->query('CREATE TABLE `a...', 0)
#1 C:\xampp\htdocs\githubProject\codeigniter\system\Database\BaseConnection.php(738): CodeIgniter\Database\MySQLi\Connection->execute('CREATE TABLE `a...')
#2 C:\xampp\htdocs\githubProject\codeigniter\system\Database\BaseConnection.php(652): CodeIgniter\Database\BaseConnection->simpleQuery('CREATE TABLE `a...')
#3 C:\xampp\htdocs\githubProject\codeigniter\system\Database\Forge.php(570): CodeIgniter\Database\BaseConnection->query('CREATE TABLE `a...')
#4 C:\xampp\htdocs\githubProject\codeigniter\app\Database\Migrations\2025-04-18-025845_CreateAdminTable.php(41): CodeIgniter\Database\Forge->createTable('admin')
#5 C:\xampp\htdocs\githubProject\codeigniter\system\Database\MigrationRunner.php(866): App\Database\Migrations\CreateAdminTable->up()
#6 C:\xampp\htdocs\githubProject\codeigniter\system\Database\MigrationRunner.php(182): CodeIgniter\Database\MigrationRunner->migrate('up', Object(stdClass))
#7 C:\xampp\htdocs\githubProject\codeigniter\system\Commands\Database\Migrate.php(85): CodeIgniter\Database\MigrationRunner->latest(NULL)
#8 C:\xampp\htdocs\githubProject\codeigniter\system\CLI\Commands.php(70): CodeIgniter\Commands\Database\Migrate->run(Array)
#9 C:\xampp\htdocs\githubProject\codeigniter\system\CLI\Console.php(48): CodeIgniter\CLI\Commands->run('migrate', Array)
#10 C:\xampp\htdocs\githubProject\codeigniter\system\Boot.php(360): CodeIgniter\CLI\Console->run()
#11 C:\xampp\htdocs\githubProject\codeigniter\system\Boot.php(104): CodeIgniter\Boot::runCommand(Object(CodeIgniter\CLI\Console))
#12 C:\xampp\htdocs\githubProject\codeigniter\spark(84): CodeIgniter\Boot::bootSpark(Object(Config\Paths))
#13 {main}
ERROR - 2025-04-29 06:24:34 --> mysqli_sql_exception: Table 'admin' already exists in C:\xampp\htdocs\githubProject\codeigniter\system\Database\MySQLi\Connection.php:327
Stack trace:
#0 C:\xampp\htdocs\githubProject\codeigniter\system\Database\MySQLi\Connection.php(327): mysqli->query('CREATE TABLE `a...', 0)
#1 C:\xampp\htdocs\githubProject\codeigniter\system\Database\BaseConnection.php(738): CodeIgniter\Database\MySQLi\Connection->execute('CREATE TABLE `a...')
#2 C:\xampp\htdocs\githubProject\codeigniter\system\Database\BaseConnection.php(652): CodeIgniter\Database\BaseConnection->simpleQuery('CREATE TABLE `a...')
#3 C:\xampp\htdocs\githubProject\codeigniter\system\Database\Forge.php(570): CodeIgniter\Database\BaseConnection->query('CREATE TABLE `a...')
#4 C:\xampp\htdocs\githubProject\codeigniter\app\Database\Migrations\2025-04-18-025845_CreateAdminTable.php(41): CodeIgniter\Database\Forge->createTable('admin')
#5 C:\xampp\htdocs\githubProject\codeigniter\system\Database\MigrationRunner.php(866): App\Database\Migrations\CreateAdminTable->up()
#6 C:\xampp\htdocs\githubProject\codeigniter\system\Database\MigrationRunner.php(182): CodeIgniter\Database\MigrationRunner->migrate('up', Object(stdClass))
#7 C:\xampp\htdocs\githubProject\codeigniter\system\Commands\Database\Migrate.php(85): CodeIgniter\Database\MigrationRunner->latest(NULL)
#8 C:\xampp\htdocs\githubProject\codeigniter\system\CLI\Commands.php(70): CodeIgniter\Commands\Database\Migrate->run(Array)
#9 C:\xampp\htdocs\githubProject\codeigniter\system\CLI\Console.php(48): CodeIgniter\CLI\Commands->run('migrate', Array)
#10 C:\xampp\htdocs\githubProject\codeigniter\system\Boot.php(360): CodeIgniter\CLI\Console->run()
#11 C:\xampp\htdocs\githubProject\codeigniter\system\Boot.php(104): CodeIgniter\Boot::runCommand(Object(CodeIgniter\CLI\Console))
#12 C:\xampp\htdocs\githubProject\codeigniter\spark(84): CodeIgniter\Boot::bootSpark(Object(Config\Paths))
#13 {main}
ERROR - 2025-04-29 06:25:56 --> mysqli_sql_exception: Table 'admin' already exists in C:\xampp\htdocs\githubProject\codeigniter\system\Database\MySQLi\Connection.php:327
Stack trace:
#0 C:\xampp\htdocs\githubProject\codeigniter\system\Database\MySQLi\Connection.php(327): mysqli->query('CREATE TABLE `a...', 0)
#1 C:\xampp\htdocs\githubProject\codeigniter\system\Database\BaseConnection.php(738): CodeIgniter\Database\MySQLi\Connection->execute('CREATE TABLE `a...')
#2 C:\xampp\htdocs\githubProject\codeigniter\system\Database\BaseConnection.php(652): CodeIgniter\Database\BaseConnection->simpleQuery('CREATE TABLE `a...')
#3 C:\xampp\htdocs\githubProject\codeigniter\system\Database\Forge.php(570): CodeIgniter\Database\BaseConnection->query('CREATE TABLE `a...')
#4 C:\xampp\htdocs\githubProject\codeigniter\app\Database\Migrations\2025-04-18-025845_CreateAdminTable.php(41): CodeIgniter\Database\Forge->createTable('admin')
#5 C:\xampp\htdocs\githubProject\codeigniter\system\Database\MigrationRunner.php(866): App\Database\Migrations\CreateAdminTable->up()
#6 C:\xampp\htdocs\githubProject\codeigniter\system\Database\MigrationRunner.php(182): CodeIgniter\Database\MigrationRunner->migrate('up', Object(stdClass))
#7 C:\xampp\htdocs\githubProject\codeigniter\system\Commands\Database\Migrate.php(85): CodeIgniter\Database\MigrationRunner->latest(NULL)
#8 C:\xampp\htdocs\githubProject\codeigniter\system\CLI\Commands.php(70): CodeIgniter\Commands\Database\Migrate->run(Array)
#9 C:\xampp\htdocs\githubProject\codeigniter\system\CLI\Console.php(48): CodeIgniter\CLI\Commands->run('migrate', Array)
#10 C:\xampp\htdocs\githubProject\codeigniter\system\Boot.php(360): CodeIgniter\CLI\Console->run()
#11 C:\xampp\htdocs\githubProject\codeigniter\system\Boot.php(104): CodeIgniter\Boot::runCommand(Object(CodeIgniter\CLI\Console))
#12 C:\xampp\htdocs\githubProject\codeigniter\spark(84): CodeIgniter\Boot::bootSpark(Object(Config\Paths))
#13 {main}
DEBUG - 2025-04-29 12:15:42 --> Session: Class initialized using 'CodeIgniter\Session\Handlers\FileHandler' driver.
DEBUG - 2025-04-29 12:15:44 --> Session: Class initialized using 'CodeIgniter\Session\Handlers\FileHandler' driver.
DEBUG - 2025-04-29 12:15:55 --> Session: Class initialized using 'CodeIgniter\Session\Handlers\FileHandler' driver.
DEBUG - 2025-04-29 12:15:55 --> Session: Class initialized using 'CodeIgniter\Session\Handlers\FileHandler' driver.
DEBUG - 2025-04-29 12:16:06 --> Session: Class initialized using 'CodeIgniter\Session\Handlers\FileHandler' driver.
DEBUG - 2025-04-29 12:33:13 --> Session: Class initialized using 'CodeIgniter\Session\Handlers\FileHandler' driver.
DEBUG - 2025-04-29 12:40:47 --> Session: Class initialized using 'CodeIgniter\Session\Handlers\FileHandler' driver.
DEBUG - 2025-04-29 12:42:29 --> Session: Class initialized using 'CodeIgniter\Session\Handlers\FileHandler' driver.
DEBUG - 2025-04-29 12:42:31 --> Session: Class initialized using 'CodeIgniter\Session\Handlers\FileHandler' driver.
DEBUG - 2025-04-29 12:50:21 --> Session: Class initialized using 'CodeIgniter\Session\Handlers\FileHandler' driver.
CRITICAL - 2025-04-29 12:50:21 --> Error: Call to a member function getListRestaurant() on null
[Method: GET, Route: admin/restaurant]
in APPPATH\Controllers\admin\Res.php on line 16.
 1 SYSTEMPATH\CodeIgniter.php(933): App\Controllers\admin\Res->index()
 2 SYSTEMPATH\CodeIgniter.php(507): CodeIgniter\CodeIgniter->runController(Object(App\Controllers\admin\Res))
 3 SYSTEMPATH\CodeIgniter.php(354): CodeIgniter\CodeIgniter->handleRequest(null, Object(Config\Cache), false)
 4 SYSTEMPATH\Boot.php(334): CodeIgniter\CodeIgniter->run()
 5 SYSTEMPATH\Boot.php(67): CodeIgniter\Boot::runCodeIgniter(Object(CodeIgniter\CodeIgniter))
 6 FCPATH\index.php(55): CodeIgniter\Boot::bootWeb(Object(Config\Paths))
 7 SYSTEMPATH\rewrite.php(44): require_once('C:\\xampp\\htdocs\\githubProject\\codeigniter\\public\\index.php')
DEBUG - 2025-04-29 12:51:33 --> Session: Class initialized using 'CodeIgniter\Session\Handlers\FileHandler' driver.
DEBUG - 2025-04-29 12:54:24 --> Session: Class initialized using 'CodeIgniter\Session\Handlers\FileHandler' driver.
DEBUG - 2025-04-29 12:55:35 --> Session: Class initialized using 'CodeIgniter\Session\Handlers\FileHandler' driver.
DEBUG - 2025-04-29 12:56:02 --> Session: Class initialized using 'CodeIgniter\Session\Handlers\FileHandler' driver.
DEBUG - 2025-04-29 12:59:53 --> Session: Class initialized using 'CodeIgniter\Session\Handlers\FileHandler' driver.
CRITICAL - 2025-04-29 12:59:53 --> ErrorException: Undefined array key "ResList"
[Method: GET, Route: admin/restaurant]
in APPPATH\Controllers\admin\Res.php on line 22.
 1 APPPATH\Controllers\admin\Res.php(22): CodeIgniter\Debug\Exceptions->errorHandler(2, 'Undefined array key "ResList"', 'C:\\xampp\\htdocs\\githubProject\\codeigniter\\app\\Controllers\\admin\\Res.php', 22)
 2 SYSTEMPATH\CodeIgniter.php(933): App\Controllers\admin\Res->index()
 3 SYSTEMPATH\CodeIgniter.php(507): CodeIgniter\CodeIgniter->runController(Object(App\Controllers\admin\Res))
 4 SYSTEMPATH\CodeIgniter.php(354): CodeIgniter\CodeIgniter->handleRequest(null, Object(Config\Cache), false)
 5 SYSTEMPATH\Boot.php(334): CodeIgniter\CodeIgniter->run()
 6 SYSTEMPATH\Boot.php(67): CodeIgniter\Boot::runCodeIgniter(Object(CodeIgniter\CodeIgniter))
 7 FCPATH\index.php(55): CodeIgniter\Boot::bootWeb(Object(Config\Paths))
 8 SYSTEMPATH\rewrite.php(44): require_once('C:\\xampp\\htdocs\\githubProject\\codeigniter\\public\\index.php')
DEBUG - 2025-04-29 13:00:11 --> Session: Class initialized using 'CodeIgniter\Session\Handlers\FileHandler' driver.
DEBUG - 2025-04-29 13:03:11 --> Session: Class initialized using 'CodeIgniter\Session\Handlers\FileHandler' driver.
CRITICAL - 2025-04-29 13:03:11 --> ErrorException: Undefined array key "c_name"
[Method: GET, Route: admin/restaurant]
in APPPATH\Views\admin\restaurant.php on line 53.
 1 APPPATH\Views\admin\restaurant.php(53): CodeIgniter\Debug\Exceptions->errorHandler(2, 'Undefined array key "c_name"', 'C:\\xampp\\htdocs\\githubProject\\codeigniter\\app\\Views\\admin\\restaurant.php', 53)
 2 SYSTEMPATH\View\View.php(224): include('C:\\xampp\\htdocs\\githubProject\\codeigniter\\app\\Views\\admin\\restaurant.php')
 3 SYSTEMPATH\View\View.php(227): CodeIgniter\View\View->{closure:CodeIgniter\View\View::render():221}()
 4 SYSTEMPATH\Common.php(1173): CodeIgniter\View\View->render('admin/restaurant', [], true)
 5 APPPATH\Controllers\admin\Res.php(22): view('admin/restaurant', [...])
 6 SYSTEMPATH\CodeIgniter.php(933): App\Controllers\admin\Res->index()
 7 SYSTEMPATH\CodeIgniter.php(507): CodeIgniter\CodeIgniter->runController(Object(App\Controllers\admin\Res))
 8 SYSTEMPATH\CodeIgniter.php(354): CodeIgniter\CodeIgniter->handleRequest(null, Object(Config\Cache), false)
 9 SYSTEMPATH\Boot.php(334): CodeIgniter\CodeIgniter->run()
10 SYSTEMPATH\Boot.php(67): CodeIgniter\Boot::runCodeIgniter(Object(CodeIgniter\CodeIgniter))
11 FCPATH\index.php(55): CodeIgniter\Boot::bootWeb(Object(Config\Paths))
12 SYSTEMPATH\rewrite.php(44): require_once('C:\\xampp\\htdocs\\githubProject\\codeigniter\\public\\index.php')
DEBUG - 2025-04-29 13:16:45 --> Session: Class initialized using 'CodeIgniter\Session\Handlers\FileHandler' driver.
ERROR - 2025-04-29 13:16:45 --> mysqli_sql_exception: Unknown column 'id' in 'field list' in C:\xampp\htdocs\githubProject\codeigniter\system\Database\MySQLi\Connection.php:327
Stack trace:
#0 C:\xampp\htdocs\githubProject\codeigniter\system\Database\MySQLi\Connection.php(327): mysqli->query('SELECT `id`\nFRO...', 0)
#1 C:\xampp\htdocs\githubProject\codeigniter\system\Database\BaseConnection.php(738): CodeIgniter\Database\MySQLi\Connection->execute('SELECT `id`\nFRO...')
#2 C:\xampp\htdocs\githubProject\codeigniter\system\Database\BaseConnection.php(652): CodeIgniter\Database\BaseConnection->simpleQuery('SELECT `id`\nFRO...')
#3 C:\xampp\htdocs\githubProject\codeigniter\system\Database\BaseBuilder.php(1649): CodeIgniter\Database\BaseConnection->query('SELECT `id`\nFRO...', Array, false)
#4 C:\xampp\htdocs\githubProject\codeigniter\system\Model.php(286): CodeIgniter\Database\BaseBuilder->get()
#5 C:\xampp\htdocs\githubProject\codeigniter\system\BaseModel.php(675): CodeIgniter\Model->doFindAll(0, 0)
#6 C:\xampp\htdocs\githubProject\codeigniter\app\Services\ResService.php(17): CodeIgniter\BaseModel->findAll()
#7 C:\xampp\htdocs\githubProject\codeigniter\app\Controllers\admin\Res.php(26): App\Services\ResService->getListRestaurant()
#8 C:\xampp\htdocs\githubProject\codeigniter\system\CodeIgniter.php(933): App\Controllers\admin\Res->index()
#9 C:\xampp\htdocs\githubProject\codeigniter\system\CodeIgniter.php(507): CodeIgniter\CodeIgniter->runController(Object(App\Controllers\admin\Res))
#10 C:\xampp\htdocs\githubProject\codeigniter\system\CodeIgniter.php(354): CodeIgniter\CodeIgniter->handleRequest(NULL, Object(Config\Cache), false)
#11 C:\xampp\htdocs\githubProject\codeigniter\system\Boot.php(334): CodeIgniter\CodeIgniter->run()
#12 C:\xampp\htdocs\githubProject\codeigniter\system\Boot.php(67): CodeIgniter\Boot::runCodeIgniter(Object(CodeIgniter\CodeIgniter))
#13 C:\xampp\htdocs\githubProject\codeigniter\public\index.php(55): CodeIgniter\Boot::bootWeb(Object(Config\Paths))
#14 C:\xampp\htdocs\githubProject\codeigniter\system\rewrite.php(44): require_once('C:\\xampp\\htdocs...')
#15 {main}
CRITICAL - 2025-04-29 13:16:45 --> CodeIgniter\Database\Exceptions\DatabaseException: Unknown column 'id' in 'field list'
[Method: GET, Route: admin/restaurant]
in SYSTEMPATH\Database\BaseConnection.php on line 692.
 1 SYSTEMPATH\Database\BaseBuilder.php(1649): CodeIgniter\Database\BaseConnection->query('SELECT `id`
FROM `restaurant`', [], false)
 2 SYSTEMPATH\Model.php(286): CodeIgniter\Database\BaseBuilder->get()
 3 SYSTEMPATH\BaseModel.php(675): CodeIgniter\Model->doFindAll(0, 0)
 4 APPPATH\Services\ResService.php(17): CodeIgniter\BaseModel->findAll()
 5 APPPATH\Controllers\admin\Res.php(26): App\Services\ResService->getListRestaurant()
 6 SYSTEMPATH\CodeIgniter.php(933): App\Controllers\admin\Res->index()
 7 SYSTEMPATH\CodeIgniter.php(507): CodeIgniter\CodeIgniter->runController(Object(App\Controllers\admin\Res))
 8 SYSTEMPATH\CodeIgniter.php(354): CodeIgniter\CodeIgniter->handleRequest(null, Object(Config\Cache), false)
 9 SYSTEMPATH\Boot.php(334): CodeIgniter\CodeIgniter->run()
10 SYSTEMPATH\Boot.php(67): CodeIgniter\Boot::runCodeIgniter(Object(CodeIgniter\CodeIgniter))
11 FCPATH\index.php(55): CodeIgniter\Boot::bootWeb(Object(Config\Paths))
12 SYSTEMPATH\rewrite.php(44): require_once('C:\\xampp\\htdocs\\githubProject\\codeigniter\\public\\index.php')
CRITICAL - 2025-04-29 13:16:45 --> [Caused by] CodeIgniter\Database\Exceptions\DatabaseException: Unknown column 'id' in 'field list'
in SYSTEMPATH\Database\MySQLi\Connection.php on line 332.
 1 SYSTEMPATH\Database\BaseConnection.php(738): CodeIgniter\Database\MySQLi\Connection->execute('SELECT `id`
FROM `restaurant`')
 2 SYSTEMPATH\Database\BaseConnection.php(652): CodeIgniter\Database\BaseConnection->simpleQuery('SELECT `id`
FROM `restaurant`')
 3 SYSTEMPATH\Database\BaseBuilder.php(1649): CodeIgniter\Database\BaseConnection->query('SELECT `id`
FROM `restaurant`', [], false)
 4 SYSTEMPATH\Model.php(286): CodeIgniter\Database\BaseBuilder->get()
 5 SYSTEMPATH\BaseModel.php(675): CodeIgniter\Model->doFindAll(0, 0)
 6 APPPATH\Services\ResService.php(17): CodeIgniter\BaseModel->findAll()
 7 APPPATH\Controllers\admin\Res.php(26): App\Services\ResService->getListRestaurant()
 8 SYSTEMPATH\CodeIgniter.php(933): App\Controllers\admin\Res->index()
 9 SYSTEMPATH\CodeIgniter.php(507): CodeIgniter\CodeIgniter->runController(Object(App\Controllers\admin\Res))
10 SYSTEMPATH\CodeIgniter.php(354): CodeIgniter\CodeIgniter->handleRequest(null, Object(Config\Cache), false)
11 SYSTEMPATH\Boot.php(334): CodeIgniter\CodeIgniter->run()
12 SYSTEMPATH\Boot.php(67): CodeIgniter\Boot::runCodeIgniter(Object(CodeIgniter\CodeIgniter))
13 FCPATH\index.php(55): CodeIgniter\Boot::bootWeb(Object(Config\Paths))
14 SYSTEMPATH\rewrite.php(44): require_once('C:\\xampp\\htdocs\\githubProject\\codeigniter\\public\\index.php')
CRITICAL - 2025-04-29 13:16:45 --> [Caused by] mysqli_sql_exception: Unknown column 'id' in 'field list'
in SYSTEMPATH\Database\MySQLi\Connection.php on line 327.
 1 SYSTEMPATH\Database\MySQLi\Connection.php(327): mysqli->query('SELECT `id`
FROM `restaurant`', 0)
 2 SYSTEMPATH\Database\BaseConnection.php(738): CodeIgniter\Database\MySQLi\Connection->execute('SELECT `id`
FROM `restaurant`')
 3 SYSTEMPATH\Database\BaseConnection.php(652): CodeIgniter\Database\BaseConnection->simpleQuery('SELECT `id`
FROM `restaurant`')
 4 SYSTEMPATH\Database\BaseBuilder.php(1649): CodeIgniter\Database\BaseConnection->query('SELECT `id`
FROM `restaurant`', [], false)
 5 SYSTEMPATH\Model.php(286): CodeIgniter\Database\BaseBuilder->get()
 6 SYSTEMPATH\BaseModel.php(675): CodeIgniter\Model->doFindAll(0, 0)
 7 APPPATH\Services\ResService.php(17): CodeIgniter\BaseModel->findAll()
 8 APPPATH\Controllers\admin\Res.php(26): App\Services\ResService->getListRestaurant()
 9 SYSTEMPATH\CodeIgniter.php(933): App\Controllers\admin\Res->index()
10 SYSTEMPATH\CodeIgniter.php(507): CodeIgniter\CodeIgniter->runController(Object(App\Controllers\admin\Res))
11 SYSTEMPATH\CodeIgniter.php(354): CodeIgniter\CodeIgniter->handleRequest(null, Object(Config\Cache), false)
12 SYSTEMPATH\Boot.php(334): CodeIgniter\CodeIgniter->run()
13 SYSTEMPATH\Boot.php(67): CodeIgniter\Boot::runCodeIgniter(Object(CodeIgniter\CodeIgniter))
14 FCPATH\index.php(55): CodeIgniter\Boot::bootWeb(Object(Config\Paths))
15 SYSTEMPATH\rewrite.php(44): require_once('C:\\xampp\\htdocs\\githubProject\\codeigniter\\public\\index.php')
DEBUG - 2025-04-29 13:19:01 --> Session: Class initialized using 'CodeIgniter\Session\Handlers\FileHandler' driver.
CRITICAL - 2025-04-29 13:19:01 --> Error: Cannot use object of type App\Models\ResCateModel as array
[Method: GET, Route: admin/restaurant]
in APPPATH\Views\admin\restaurant.php on line 53.
 1 SYSTEMPATH\View\View.php(224): include()
 2 SYSTEMPATH\View\View.php(227): CodeIgniter\View\View->{closure:CodeIgniter\View\View::render():221}()
 3 SYSTEMPATH\Common.php(1173): CodeIgniter\View\View->render('admin/restaurant', [], true)
 4 APPPATH\Controllers\admin\Res.php(28): view('admin/restaurant', [...])
 5 SYSTEMPATH\CodeIgniter.php(933): App\Controllers\admin\Res->index()
 6 SYSTEMPATH\CodeIgniter.php(507): CodeIgniter\CodeIgniter->runController(Object(App\Controllers\admin\Res))
 7 SYSTEMPATH\CodeIgniter.php(354): CodeIgniter\CodeIgniter->handleRequest(null, Object(Config\Cache), false)
 8 SYSTEMPATH\Boot.php(334): CodeIgniter\CodeIgniter->run()
 9 SYSTEMPATH\Boot.php(67): CodeIgniter\Boot::runCodeIgniter(Object(CodeIgniter\CodeIgniter))
10 FCPATH\index.php(55): CodeIgniter\Boot::bootWeb(Object(Config\Paths))
11 SYSTEMPATH\rewrite.php(44): require_once('C:\\xampp\\htdocs\\githubProject\\codeigniter\\public\\index.php')
DEBUG - 2025-04-29 13:24:36 --> Session: Class initialized using 'CodeIgniter\Session\Handlers\FileHandler' driver.
CRITICAL - 2025-04-29 13:24:36 --> Error: Cannot use object of type App\Models\ResCateModel as array
[Method: GET, Route: admin/restaurant]
in APPPATH\Views\admin\restaurant.php on line 53.
 1 SYSTEMPATH\View\View.php(224): include()
 2 SYSTEMPATH\View\View.php(227): CodeIgniter\View\View->{closure:CodeIgniter\View\View::render():221}()
 3 SYSTEMPATH\Common.php(1173): CodeIgniter\View\View->render('admin/restaurant', [], true)
 4 APPPATH\Controllers\admin\Res.php(28): view('admin/restaurant', [...])
 5 SYSTEMPATH\CodeIgniter.php(933): App\Controllers\admin\Res->index()
 6 SYSTEMPATH\CodeIgniter.php(507): CodeIgniter\CodeIgniter->runController(Object(App\Controllers\admin\Res))
 7 SYSTEMPATH\CodeIgniter.php(354): CodeIgniter\CodeIgniter->handleRequest(null, Object(Config\Cache), false)
 8 SYSTEMPATH\Boot.php(334): CodeIgniter\CodeIgniter->run()
 9 SYSTEMPATH\Boot.php(67): CodeIgniter\Boot::runCodeIgniter(Object(CodeIgniter\CodeIgniter))
10 FCPATH\index.php(55): CodeIgniter\Boot::bootWeb(Object(Config\Paths))
11 SYSTEMPATH\rewrite.php(44): require_once('C:\\xampp\\htdocs\\githubProject\\codeigniter\\public\\index.php')
CRITICAL - 2025-04-29 13:24:36 --> [Caused by] ErrorException: Undefined variable $index
in APPPATH\Views\admin\restaurant.php on line 53.
 1 APPPATH\Views\admin\restaurant.php(53): CodeIgniter\Debug\Exceptions->errorHandler(2, 'Undefined variable $index', 'C:\\xampp\\htdocs\\githubProject\\codeigniter\\app\\Views\\admin\\restaurant.php', 53)
 2 SYSTEMPATH\View\View.php(224): include('C:\\xampp\\htdocs\\githubProject\\codeigniter\\app\\Views\\admin\\restaurant.php')
 3 SYSTEMPATH\View\View.php(227): CodeIgniter\View\View->{closure:CodeIgniter\View\View::render():221}()
 4 SYSTEMPATH\Common.php(1173): CodeIgniter\View\View->render('admin/restaurant', [], true)
 5 APPPATH\Controllers\admin\Res.php(28): view('admin/restaurant', [...])
 6 SYSTEMPATH\CodeIgniter.php(933): App\Controllers\admin\Res->index()
 7 SYSTEMPATH\CodeIgniter.php(507): CodeIgniter\CodeIgniter->runController(Object(App\Controllers\admin\Res))
 8 SYSTEMPATH\CodeIgniter.php(354): CodeIgniter\CodeIgniter->handleRequest(null, Object(Config\Cache), false)
 9 SYSTEMPATH\Boot.php(334): CodeIgniter\CodeIgniter->run()
10 SYSTEMPATH\Boot.php(67): CodeIgniter\Boot::runCodeIgniter(Object(CodeIgniter\CodeIgniter))
11 FCPATH\index.php(55): CodeIgniter\Boot::bootWeb(Object(Config\Paths))
12 SYSTEMPATH\rewrite.php(44): require_once('C:\\xampp\\htdocs\\githubProject\\codeigniter\\public\\index.php')
DEBUG - 2025-04-29 13:27:44 --> Session: Class initialized using 'CodeIgniter\Session\Handlers\FileHandler' driver.
CRITICAL - 2025-04-29 13:27:44 --> Error: Cannot use object of type App\Models\ResCateModel as array
[Method: GET, Route: admin/restaurant]
in APPPATH\Views\admin\restaurant.php on line 53.
 1 SYSTEMPATH\View\View.php(224): include()
 2 SYSTEMPATH\View\View.php(227): CodeIgniter\View\View->{closure:CodeIgniter\View\View::render():221}()
 3 SYSTEMPATH\Common.php(1173): CodeIgniter\View\View->render('admin/restaurant', [], true)
 4 APPPATH\Controllers\admin\Res.php(28): view('admin/restaurant', [...])
 5 SYSTEMPATH\CodeIgniter.php(933): App\Controllers\admin\Res->index()
 6 SYSTEMPATH\CodeIgniter.php(507): CodeIgniter\CodeIgniter->runController(Object(App\Controllers\admin\Res))
 7 SYSTEMPATH\CodeIgniter.php(354): CodeIgniter\CodeIgniter->handleRequest(null, Object(Config\Cache), false)
 8 SYSTEMPATH\Boot.php(334): CodeIgniter\CodeIgniter->run()
 9 SYSTEMPATH\Boot.php(67): CodeIgniter\Boot::runCodeIgniter(Object(CodeIgniter\CodeIgniter))
10 FCPATH\index.php(55): CodeIgniter\Boot::bootWeb(Object(Config\Paths))
11 SYSTEMPATH\rewrite.php(44): require_once('C:\\xampp\\htdocs\\githubProject\\codeigniter\\public\\index.php')
DEBUG - 2025-04-29 13:27:48 --> Session: Class initialized using 'CodeIgniter\Session\Handlers\FileHandler' driver.
CRITICAL - 2025-04-29 13:27:48 --> Error: Cannot use object of type App\Models\ResCateModel as array
[Method: GET, Route: admin/restaurant]
in APPPATH\Views\admin\restaurant.php on line 53.
 1 SYSTEMPATH\View\View.php(224): include()
 2 SYSTEMPATH\View\View.php(227): CodeIgniter\View\View->{closure:CodeIgniter\View\View::render():221}()
 3 SYSTEMPATH\Common.php(1173): CodeIgniter\View\View->render('admin/restaurant', [], true)
 4 APPPATH\Controllers\admin\Res.php(28): view('admin/restaurant', [...])
 5 SYSTEMPATH\CodeIgniter.php(933): App\Controllers\admin\Res->index()
 6 SYSTEMPATH\CodeIgniter.php(507): CodeIgniter\CodeIgniter->runController(Object(App\Controllers\admin\Res))
 7 SYSTEMPATH\CodeIgniter.php(354): CodeIgniter\CodeIgniter->handleRequest(null, Object(Config\Cache), false)
 8 SYSTEMPATH\Boot.php(334): CodeIgniter\CodeIgniter->run()
 9 SYSTEMPATH\Boot.php(67): CodeIgniter\Boot::runCodeIgniter(Object(CodeIgniter\CodeIgniter))
10 FCPATH\index.php(55): CodeIgniter\Boot::bootWeb(Object(Config\Paths))
11 SYSTEMPATH\rewrite.php(44): require_once('C:\\xampp\\htdocs\\githubProject\\codeigniter\\public\\index.php')
DEBUG - 2025-04-29 13:31:16 --> Session: Class initialized using 'CodeIgniter\Session\Handlers\FileHandler' driver.
DEBUG - 2025-04-29 13:37:41 --> Session: Class initialized using 'CodeIgniter\Session\Handlers\FileHandler' driver.
