ERROR - 2025-04-25 01:05:55 --> Error connecting to the database: mysqli_sql_exception: No connection could be made because the target machine actively refused it in C:\xampp\htdocs\githubProject\codeigniter\system\Database\MySQLi\Connection.php:201
Stack trace:
#0 C:\xampp\htdocs\githubProject\codeigniter\system\Database\MySQLi\Connection.php(201): mysqli->real_connect('localhost', 'root', Object(SensitiveParameterValue), 'koji', 3306, '', 0)
#1 C:\xampp\htdocs\githubProject\codeigniter\system\Database\BaseConnection.php(421): CodeIgniter\Database\MySQLi\Connection->connect(false)
#2 C:\xampp\htdocs\githubProject\codeigniter\system\Database\BaseConnection.php(620): CodeIgniter\Database\BaseConnection->initialize()
#3 C:\xampp\htdocs\githubProject\codeigniter\system\Database\BaseBuilder.php(2345): CodeIgniter\Database\BaseConnection->query('INSERT INTO `ad...', Array, false)
#4 C:\xampp\htdocs\githubProject\codeigniter\system\Model.php(394): CodeIgniter\Database\BaseBuilder->insert()
#5 C:\xampp\htdocs\githubProject\codeigniter\system\BaseModel.php(839): CodeIgniter\Model->doInsert(Array)
#6 C:\xampp\htdocs\githubProject\codeigniter\system\Model.php(800): CodeIgniter\BaseModel->insert(Array, false)
#7 C:\xampp\htdocs\githubProject\codeigniter\system\BaseModel.php(750): CodeIgniter\Model->insert(Array, false)
#8 C:\xampp\htdocs\githubProject\codeigniter\app\Services\AdminService.php(37): CodeIgniter\BaseModel->save(Array)
#9 C:\xampp\htdocs\githubProject\codeigniter\app\Controllers\admin\Login.php(18): App\Services\AdminService->themAdmin(Object(CodeIgniter\HTTP\IncomingRequest))
#10 C:\xampp\htdocs\githubProject\codeigniter\system\CodeIgniter.php(933): App\Controllers\admin\Login->create()
#11 C:\xampp\htdocs\githubProject\codeigniter\system\CodeIgniter.php(507): CodeIgniter\CodeIgniter->runController(Object(App\Controllers\admin\Login))
#12 C:\xampp\htdocs\githubProject\codeigniter\system\CodeIgniter.php(354): CodeIgniter\CodeIgniter->handleRequest(NULL, Object(Config\Cache), false)
#13 C:\xampp\htdocs\githubProject\codeigniter\system\Boot.php(334): CodeIgniter\CodeIgniter->run()
#14 C:\xampp\htdocs\githubProject\codeigniter\system\Boot.php(67): CodeIgniter\Boot::runCodeIgniter(Object(CodeIgniter\CodeIgniter))
#15 C:\xampp\htdocs\githubProject\codeigniter\public\index.php(55): CodeIgniter\Boot::bootWeb(Object(Config\Paths))
#16 C:\xampp\htdocs\githubProject\codeigniter\system\rewrite.php(44): require_once('C:\\xampp\\htdocs...')
#17 {main}

Next CodeIgniter\Database\Exceptions\DatabaseException: No connection could be made because the target machine actively refused it in C:\xampp\htdocs\githubProject\codeigniter\system\Database\MySQLi\Connection.php:246
Stack trace:
#0 C:\xampp\htdocs\githubProject\codeigniter\system\Database\BaseConnection.php(421): CodeIgniter\Database\MySQLi\Connection->connect(false)
#1 C:\xampp\htdocs\githubProject\codeigniter\system\Database\BaseConnection.php(620): CodeIgniter\Database\BaseConnection->initialize()
#2 C:\xampp\htdocs\githubProject\codeigniter\system\Database\BaseBuilder.php(2345): CodeIgniter\Database\BaseConnection->query('INSERT INTO `ad...', Array, false)
#3 C:\xampp\htdocs\githubProject\codeigniter\system\Model.php(394): CodeIgniter\Database\BaseBuilder->insert()
#4 C:\xampp\htdocs\githubProject\codeigniter\system\BaseModel.php(839): CodeIgniter\Model->doInsert(Array)
#5 C:\xampp\htdocs\githubProject\codeigniter\system\Model.php(800): CodeIgniter\BaseModel->insert(Array, false)
#6 C:\xampp\htdocs\githubProject\codeigniter\system\BaseModel.php(750): CodeIgniter\Model->insert(Array, false)
#7 C:\xampp\htdocs\githubProject\codeigniter\app\Services\AdminService.php(37): CodeIgniter\BaseModel->save(Array)
#8 C:\xampp\htdocs\githubProject\codeigniter\app\Controllers\admin\Login.php(18): App\Services\AdminService->themAdmin(Object(CodeIgniter\HTTP\IncomingRequest))
#9 C:\xampp\htdocs\githubProject\codeigniter\system\CodeIgniter.php(933): App\Controllers\admin\Login->create()
#10 C:\xampp\htdocs\githubProject\codeigniter\system\CodeIgniter.php(507): CodeIgniter\CodeIgniter->runController(Object(App\Controllers\admin\Login))
#11 C:\xampp\htdocs\githubProject\codeigniter\system\CodeIgniter.php(354): CodeIgniter\CodeIgniter->handleRequest(NULL, Object(Config\Cache), false)
#12 C:\xampp\htdocs\githubProject\codeigniter\system\Boot.php(334): CodeIgniter\CodeIgniter->run()
#13 C:\xampp\htdocs\githubProject\codeigniter\system\Boot.php(67): CodeIgniter\Boot::runCodeIgniter(Object(CodeIgniter\CodeIgniter))
#14 C:\xampp\htdocs\githubProject\codeigniter\public\index.php(55): CodeIgniter\Boot::bootWeb(Object(Config\Paths))
#15 C:\xampp\htdocs\githubProject\codeigniter\system\rewrite.php(44): require_once('C:\\xampp\\htdocs...')
#16 {main}
