CRITICAL - 2025-04-22 12:22:32 --> ErrorException: Undefined variable $row
[Method: GET, Route: admin/update_restaurant]
in APPPATH\Views\admin\update_restaurant.php on line 162.
 1 APPPATH\Views\admin\update_restaurant.php(162): CodeIgniter\Debug\Exceptions->errorHandler(2, 'Undefined variable $row', 'C:\\xampp\\htdocs\\githubProject\\codeigniter\\app\\Views\\admin\\update_restaurant.php', 162)
 2 SYSTEMPATH\View\View.php(224): include('C:\\xampp\\htdocs\\githubProject\\codeigniter\\app\\Views\\admin\\update_restaurant.php')
 3 SYSTEMPATH\View\View.php(227): CodeIgniter\View\View->{closure:CodeIgniter\View\View::render():221}()
 4 SYSTEMPATH\Common.php(1173): CodeIgniter\View\View->render('admin/update_restaurant', [], true)
 5 APPPATH\Controllers\admin\update_restaurant.php(10): view('admin/update_restaurant', [...])
 6 SYSTEMPATH\CodeIgniter.php(933): App\Controllers\admin\update_restaurant->index()
 7 SYSTEMPATH\CodeIgniter.php(507): CodeIgniter\CodeIgniter->runController(Object(App\Controllers\admin\update_restaurant))
 8 SYSTEMPATH\CodeIgniter.php(354): CodeIgniter\CodeIgniter->handleRequest(null, Object(Config\Cache), false)
 9 SYSTEMPATH\Boot.php(334): CodeIgniter\CodeIgniter->run()
10 SYSTEMPATH\Boot.php(67): CodeIgniter\Boot::runCodeIgniter(Object(CodeIgniter\CodeIgniter))
11 FCPATH\index.php(55): CodeIgniter\Boot::bootWeb(Object(Config\Paths))
12 SYSTEMPATH\rewrite.php(44): require_once('C:\\xampp\\htdocs\\githubProject\\codeigniter\\public\\index.php')
CRITICAL - 2025-04-22 12:23:21 --> ErrorException: Undefined variable $row
[Method: GET, Route: admin/update_restaurant]
in APPPATH\Views\admin\update_restaurant.php on line 162.
 1 APPPATH\Views\admin\update_restaurant.php(162): CodeIgniter\Debug\Exceptions->errorHandler(2, 'Undefined variable $row', 'C:\\xampp\\htdocs\\githubProject\\codeigniter\\app\\Views\\admin\\update_restaurant.php', 162)
 2 SYSTEMPATH\View\View.php(224): include('C:\\xampp\\htdocs\\githubProject\\codeigniter\\app\\Views\\admin\\update_restaurant.php')
 3 SYSTEMPATH\View\View.php(227): CodeIgniter\View\View->{closure:CodeIgniter\View\View::render():221}()
 4 SYSTEMPATH\Common.php(1173): CodeIgniter\View\View->render('admin/update_restaurant', [], true)
 5 APPPATH\Controllers\admin\update_restaurant.php(10): view('admin/update_restaurant', [...])
 6 SYSTEMPATH\CodeIgniter.php(933): App\Controllers\admin\update_restaurant->index()
 7 SYSTEMPATH\CodeIgniter.php(507): CodeIgniter\CodeIgniter->runController(Object(App\Controllers\admin\update_restaurant))
 8 SYSTEMPATH\CodeIgniter.php(354): CodeIgniter\CodeIgniter->handleRequest(null, Object(Config\Cache), false)
 9 SYSTEMPATH\Boot.php(334): CodeIgniter\CodeIgniter->run()
10 SYSTEMPATH\Boot.php(67): CodeIgniter\Boot::runCodeIgniter(Object(CodeIgniter\CodeIgniter))
11 FCPATH\index.php(55): CodeIgniter\Boot::bootWeb(Object(Config\Paths))
12 SYSTEMPATH\rewrite.php(44): require_once('C:\\xampp\\htdocs\\githubProject\\codeigniter\\public\\index.php')
CRITICAL - 2025-04-22 12:23:21 --> ErrorException: Undefined variable $row
[Method: GET, Route: admin/update_restaurant]
in APPPATH\Views\admin\update_restaurant.php on line 162.
 1 APPPATH\Views\admin\update_restaurant.php(162): CodeIgniter\Debug\Exceptions->errorHandler(2, 'Undefined variable $row', 'C:\\xampp\\htdocs\\githubProject\\codeigniter\\app\\Views\\admin\\update_restaurant.php', 162)
 2 SYSTEMPATH\View\View.php(224): include('C:\\xampp\\htdocs\\githubProject\\codeigniter\\app\\Views\\admin\\update_restaurant.php')
 3 SYSTEMPATH\View\View.php(227): CodeIgniter\View\View->{closure:CodeIgniter\View\View::render():221}()
 4 SYSTEMPATH\Common.php(1173): CodeIgniter\View\View->render('admin/update_restaurant', [], true)
 5 APPPATH\Controllers\admin\update_restaurant.php(10): view('admin/update_restaurant', [...])
 6 SYSTEMPATH\CodeIgniter.php(933): App\Controllers\admin\update_restaurant->index()
 7 SYSTEMPATH\CodeIgniter.php(507): CodeIgniter\CodeIgniter->runController(Object(App\Controllers\admin\update_restaurant))
 8 SYSTEMPATH\CodeIgniter.php(354): CodeIgniter\CodeIgniter->handleRequest(null, Object(Config\Cache), false)
 9 SYSTEMPATH\Boot.php(334): CodeIgniter\CodeIgniter->run()
10 SYSTEMPATH\Boot.php(67): CodeIgniter\Boot::runCodeIgniter(Object(CodeIgniter\CodeIgniter))
11 FCPATH\index.php(55): CodeIgniter\Boot::bootWeb(Object(Config\Paths))
12 SYSTEMPATH\rewrite.php(44): require_once('C:\\xampp\\htdocs\\githubProject\\codeigniter\\public\\index.php')
CRITICAL - 2025-04-22 12:23:22 --> ErrorException: Undefined variable $row
[Method: GET, Route: admin/update_restaurant]
in APPPATH\Views\admin\update_restaurant.php on line 162.
 1 APPPATH\Views\admin\update_restaurant.php(162): CodeIgniter\Debug\Exceptions->errorHandler(2, 'Undefined variable $row', 'C:\\xampp\\htdocs\\githubProject\\codeigniter\\app\\Views\\admin\\update_restaurant.php', 162)
 2 SYSTEMPATH\View\View.php(224): include('C:\\xampp\\htdocs\\githubProject\\codeigniter\\app\\Views\\admin\\update_restaurant.php')
 3 SYSTEMPATH\View\View.php(227): CodeIgniter\View\View->{closure:CodeIgniter\View\View::render():221}()
 4 SYSTEMPATH\Common.php(1173): CodeIgniter\View\View->render('admin/update_restaurant', [], true)
 5 APPPATH\Controllers\admin\update_restaurant.php(10): view('admin/update_restaurant', [...])
 6 SYSTEMPATH\CodeIgniter.php(933): App\Controllers\admin\update_restaurant->index()
 7 SYSTEMPATH\CodeIgniter.php(507): CodeIgniter\CodeIgniter->runController(Object(App\Controllers\admin\update_restaurant))
 8 SYSTEMPATH\CodeIgniter.php(354): CodeIgniter\CodeIgniter->handleRequest(null, Object(Config\Cache), false)
 9 SYSTEMPATH\Boot.php(334): CodeIgniter\CodeIgniter->run()
10 SYSTEMPATH\Boot.php(67): CodeIgniter\Boot::runCodeIgniter(Object(CodeIgniter\CodeIgniter))
11 FCPATH\index.php(55): CodeIgniter\Boot::bootWeb(Object(Config\Paths))
12 SYSTEMPATH\rewrite.php(44): require_once('C:\\xampp\\htdocs\\githubProject\\codeigniter\\public\\index.php')
