ERROR - 2025-04-23 08:14:12 --> Error connecting to the database: mysqli_sql_exception: No connection could be made because the target machine actively refused it in C:\xampp\htdocs\githubProject\codeigniter\system\Database\MySQLi\Connection.php:201
Stack trace:
#0 C:\xampp\htdocs\githubProject\codeigniter\system\Database\MySQLi\Connection.php(201): mysqli->real_connect('localhost', 'root', Object(SensitiveParameterValue), 'koji', 3306, '', 0)
#1 C:\xampp\htdocs\githubProject\codeigniter\system\Database\BaseConnection.php(421): CodeIgniter\Database\MySQLi\Connection->connect(false)
#2 C:\xampp\htdocs\githubProject\codeigniter\system\Database\BaseConnection.php(620): CodeIgniter\Database\BaseConnection->initialize()
#3 C:\xampp\htdocs\githubProject\codeigniter\system\Database\BaseBuilder.php(2345): CodeIgniter\Database\BaseConnection->query('INSERT INTO `ad...', Array, false)
#4 C:\xampp\htdocs\githubProject\codeigniter\system\Model.php(394): CodeIgniter\Database\BaseBuilder->insert()
#5 C:\xampp\htdocs\githubProject\codeigniter\system\BaseModel.php(839): CodeIgniter\Model->doInsert(Array)
#6 C:\xampp\htdocs\githubProject\codeigniter\system\Model.php(800): CodeIgniter\BaseModel->insert(Array, false)
#7 C:\xampp\htdocs\githubProject\codeigniter\system\BaseModel.php(750): CodeIgniter\Model->insert(Array, false)
#8 C:\xampp\htdocs\githubProject\codeigniter\app\Services\AdminService.php(83): CodeIgniter\BaseModel->save(Array)
#9 C:\xampp\htdocs\githubProject\codeigniter\app\Controllers\admin\Login.php(23): App\Services\AdminService->themAdmin(Object(CodeIgniter\HTTP\IncomingRequest))
#10 C:\xampp\htdocs\githubProject\codeigniter\system\CodeIgniter.php(933): App\Controllers\admin\Login->create()
#11 C:\xampp\htdocs\githubProject\codeigniter\system\CodeIgniter.php(507): CodeIgniter\CodeIgniter->runController(Object(App\Controllers\admin\Login))
#12 C:\xampp\htdocs\githubProject\codeigniter\system\CodeIgniter.php(354): CodeIgniter\CodeIgniter->handleRequest(NULL, Object(Config\Cache), false)
#13 C:\xampp\htdocs\githubProject\codeigniter\system\Boot.php(334): CodeIgniter\CodeIgniter->run()
#14 C:\xampp\htdocs\githubProject\codeigniter\system\Boot.php(67): CodeIgniter\Boot::runCodeIgniter(Object(CodeIgniter\CodeIgniter))
#15 C:\xampp\htdocs\githubProject\codeigniter\public\index.php(55): CodeIgniter\Boot::bootWeb(Object(Config\Paths))
#16 C:\xampp\htdocs\githubProject\codeigniter\system\rewrite.php(44): require_once('C:\\xampp\\htdocs...')
#17 {main}

Next CodeIgniter\Database\Exceptions\DatabaseException: No connection could be made because the target machine actively refused it in C:\xampp\htdocs\githubProject\codeigniter\system\Database\MySQLi\Connection.php:246
Stack trace:
#0 C:\xampp\htdocs\githubProject\codeigniter\system\Database\BaseConnection.php(421): CodeIgniter\Database\MySQLi\Connection->connect(false)
#1 C:\xampp\htdocs\githubProject\codeigniter\system\Database\BaseConnection.php(620): CodeIgniter\Database\BaseConnection->initialize()
#2 C:\xampp\htdocs\githubProject\codeigniter\system\Database\BaseBuilder.php(2345): CodeIgniter\Database\BaseConnection->query('INSERT INTO `ad...', Array, false)
#3 C:\xampp\htdocs\githubProject\codeigniter\system\Model.php(394): CodeIgniter\Database\BaseBuilder->insert()
#4 C:\xampp\htdocs\githubProject\codeigniter\system\BaseModel.php(839): CodeIgniter\Model->doInsert(Array)
#5 C:\xampp\htdocs\githubProject\codeigniter\system\Model.php(800): CodeIgniter\BaseModel->insert(Array, false)
#6 C:\xampp\htdocs\githubProject\codeigniter\system\BaseModel.php(750): CodeIgniter\Model->insert(Array, false)
#7 C:\xampp\htdocs\githubProject\codeigniter\app\Services\AdminService.php(83): CodeIgniter\BaseModel->save(Array)
#8 C:\xampp\htdocs\githubProject\codeigniter\app\Controllers\admin\Login.php(23): App\Services\AdminService->themAdmin(Object(CodeIgniter\HTTP\IncomingRequest))
#9 C:\xampp\htdocs\githubProject\codeigniter\system\CodeIgniter.php(933): App\Controllers\admin\Login->create()
#10 C:\xampp\htdocs\githubProject\codeigniter\system\CodeIgniter.php(507): CodeIgniter\CodeIgniter->runController(Object(App\Controllers\admin\Login))
#11 C:\xampp\htdocs\githubProject\codeigniter\system\CodeIgniter.php(354): CodeIgniter\CodeIgniter->handleRequest(NULL, Object(Config\Cache), false)
#12 C:\xampp\htdocs\githubProject\codeigniter\system\Boot.php(334): CodeIgniter\CodeIgniter->run()
#13 C:\xampp\htdocs\githubProject\codeigniter\system\Boot.php(67): CodeIgniter\Boot::runCodeIgniter(Object(CodeIgniter\CodeIgniter))
#14 C:\xampp\htdocs\githubProject\codeigniter\public\index.php(55): CodeIgniter\Boot::bootWeb(Object(Config\Paths))
#15 C:\xampp\htdocs\githubProject\codeigniter\system\rewrite.php(44): require_once('C:\\xampp\\htdocs...')
#16 {main}
ERROR - 2025-04-23 08:15:11 --> mysqli_sql_exception: Unknown column 'submit1' in 'field list' in C:\xampp\htdocs\githubProject\codeigniter\system\Database\MySQLi\Connection.php:327
Stack trace:
#0 C:\xampp\htdocs\githubProject\codeigniter\system\Database\MySQLi\Connection.php(327): mysqli->query('INSERT INTO `ad...', 0)
#1 C:\xampp\htdocs\githubProject\codeigniter\system\Database\BaseConnection.php(738): CodeIgniter\Database\MySQLi\Connection->execute('INSERT INTO `ad...')
#2 C:\xampp\htdocs\githubProject\codeigniter\system\Database\BaseConnection.php(652): CodeIgniter\Database\BaseConnection->simpleQuery('INSERT INTO `ad...')
#3 C:\xampp\htdocs\githubProject\codeigniter\system\Database\BaseBuilder.php(2345): CodeIgniter\Database\BaseConnection->query('INSERT INTO `ad...', Array, false)
#4 C:\xampp\htdocs\githubProject\codeigniter\system\Model.php(394): CodeIgniter\Database\BaseBuilder->insert()
#5 C:\xampp\htdocs\githubProject\codeigniter\system\BaseModel.php(839): CodeIgniter\Model->doInsert(Array)
#6 C:\xampp\htdocs\githubProject\codeigniter\system\Model.php(800): CodeIgniter\BaseModel->insert(Array, false)
#7 C:\xampp\htdocs\githubProject\codeigniter\system\BaseModel.php(750): CodeIgniter\Model->insert(Array, false)
#8 C:\xampp\htdocs\githubProject\codeigniter\app\Services\AdminService.php(83): CodeIgniter\BaseModel->save(Array)
#9 C:\xampp\htdocs\githubProject\codeigniter\app\Controllers\admin\Login.php(23): App\Services\AdminService->themAdmin(Object(CodeIgniter\HTTP\IncomingRequest))
#10 C:\xampp\htdocs\githubProject\codeigniter\system\CodeIgniter.php(933): App\Controllers\admin\Login->create()
#11 C:\xampp\htdocs\githubProject\codeigniter\system\CodeIgniter.php(507): CodeIgniter\CodeIgniter->runController(Object(App\Controllers\admin\Login))
#12 C:\xampp\htdocs\githubProject\codeigniter\system\CodeIgniter.php(354): CodeIgniter\CodeIgniter->handleRequest(NULL, Object(Config\Cache), false)
#13 C:\xampp\htdocs\githubProject\codeigniter\system\Boot.php(334): CodeIgniter\CodeIgniter->run()
#14 C:\xampp\htdocs\githubProject\codeigniter\system\Boot.php(67): CodeIgniter\Boot::runCodeIgniter(Object(CodeIgniter\CodeIgniter))
#15 C:\xampp\htdocs\githubProject\codeigniter\public\index.php(55): CodeIgniter\Boot::bootWeb(Object(Config\Paths))
#16 C:\xampp\htdocs\githubProject\codeigniter\system\rewrite.php(44): require_once('C:\\xampp\\htdocs...')
#17 {main}
ERROR - 2025-04-23 08:23:45 --> mysqli_sql_exception: Unknown column 'submit1' in 'field list' in C:\xampp\htdocs\githubProject\codeigniter\system\Database\MySQLi\Connection.php:327
Stack trace:
#0 C:\xampp\htdocs\githubProject\codeigniter\system\Database\MySQLi\Connection.php(327): mysqli->query('INSERT INTO `ad...', 0)
#1 C:\xampp\htdocs\githubProject\codeigniter\system\Database\BaseConnection.php(738): CodeIgniter\Database\MySQLi\Connection->execute('INSERT INTO `ad...')
#2 C:\xampp\htdocs\githubProject\codeigniter\system\Database\BaseConnection.php(652): CodeIgniter\Database\BaseConnection->simpleQuery('INSERT INTO `ad...')
#3 C:\xampp\htdocs\githubProject\codeigniter\system\Database\BaseBuilder.php(2345): CodeIgniter\Database\BaseConnection->query('INSERT INTO `ad...', Array, false)
#4 C:\xampp\htdocs\githubProject\codeigniter\system\Model.php(394): CodeIgniter\Database\BaseBuilder->insert()
#5 C:\xampp\htdocs\githubProject\codeigniter\system\BaseModel.php(839): CodeIgniter\Model->doInsert(Array)
#6 C:\xampp\htdocs\githubProject\codeigniter\system\Model.php(800): CodeIgniter\BaseModel->insert(Array, false)
#7 C:\xampp\htdocs\githubProject\codeigniter\system\BaseModel.php(750): CodeIgniter\Model->insert(Array, false)
#8 C:\xampp\htdocs\githubProject\codeigniter\app\Services\AdminService.php(83): CodeIgniter\BaseModel->save(Array)
#9 C:\xampp\htdocs\githubProject\codeigniter\app\Controllers\admin\Login.php(26): App\Services\AdminService->themAdmin(Object(CodeIgniter\HTTP\IncomingRequest))
#10 C:\xampp\htdocs\githubProject\codeigniter\system\CodeIgniter.php(933): App\Controllers\admin\Login->create()
#11 C:\xampp\htdocs\githubProject\codeigniter\system\CodeIgniter.php(507): CodeIgniter\CodeIgniter->runController(Object(App\Controllers\admin\Login))
#12 C:\xampp\htdocs\githubProject\codeigniter\system\CodeIgniter.php(354): CodeIgniter\CodeIgniter->handleRequest(NULL, Object(Config\Cache), false)
#13 C:\xampp\htdocs\githubProject\codeigniter\system\Boot.php(334): CodeIgniter\CodeIgniter->run()
#14 C:\xampp\htdocs\githubProject\codeigniter\system\Boot.php(67): CodeIgniter\Boot::runCodeIgniter(Object(CodeIgniter\CodeIgniter))
#15 C:\xampp\htdocs\githubProject\codeigniter\public\index.php(55): CodeIgniter\Boot::bootWeb(Object(Config\Paths))
#16 C:\xampp\htdocs\githubProject\codeigniter\system\rewrite.php(44): require_once('C:\\xampp\\htdocs...')
#17 {main}
ERROR - 2025-04-23 11:36:27 --> Error connecting to the database: mysqli_sql_exception: No connection could be made because the target machine actively refused it in C:\xampp\htdocs\githubProject\codeigniter\system\Database\MySQLi\Connection.php:201
Stack trace:
#0 C:\xampp\htdocs\githubProject\codeigniter\system\Database\MySQLi\Connection.php(201): mysqli->real_connect('localhost', 'root', Object(SensitiveParameterValue), 'koji', 3306, '', 0)
#1 C:\xampp\htdocs\githubProject\codeigniter\system\Database\BaseConnection.php(421): CodeIgniter\Database\MySQLi\Connection->connect(false)
#2 C:\xampp\htdocs\githubProject\codeigniter\system\Database\BaseConnection.php(620): CodeIgniter\Database\BaseConnection->initialize()
#3 C:\xampp\htdocs\githubProject\codeigniter\system\Database\BaseBuilder.php(1649): CodeIgniter\Database\BaseConnection->query('SELECT 1\nFROM `...', Array, false)
#4 C:\xampp\htdocs\githubProject\codeigniter\system\Validation\Rules.php(175): CodeIgniter\Database\BaseBuilder->get()
#5 C:\xampp\htdocs\githubProject\codeigniter\system\Validation\StrictRules\Rules.php(187): CodeIgniter\Validation\Rules->is_unique('listream843.mal...', 'admin.email', Array)
#6 C:\xampp\htdocs\githubProject\codeigniter\system\Validation\Validation.php(337): CodeIgniter\Validation\StrictRules\Rules->is_unique('listream843.mal...', 'admin.email', Array, NULL, 'email')
#7 C:\xampp\htdocs\githubProject\codeigniter\system\Validation\Validation.php(202): CodeIgniter\Validation\Validation->processRules('email', 'email', 'listream843.mal...', Array, Array, 'email')
#8 C:\xampp\htdocs\githubProject\codeigniter\app\Services\AdminService.php(61): CodeIgniter\Validation\Validation->run()
#9 C:\xampp\htdocs\githubProject\codeigniter\app\Services\AdminService.php(66): App\Services\AdminService->validationThemAdmin(Object(CodeIgniter\HTTP\IncomingRequest))
#10 C:\xampp\htdocs\githubProject\codeigniter\app\Controllers\admin\Login.php(26): App\Services\AdminService->themAdmin(Object(CodeIgniter\HTTP\IncomingRequest))
#11 C:\xampp\htdocs\githubProject\codeigniter\system\CodeIgniter.php(933): App\Controllers\admin\Login->create()
#12 C:\xampp\htdocs\githubProject\codeigniter\system\CodeIgniter.php(507): CodeIgniter\CodeIgniter->runController(Object(App\Controllers\admin\Login))
#13 C:\xampp\htdocs\githubProject\codeigniter\system\CodeIgniter.php(354): CodeIgniter\CodeIgniter->handleRequest(NULL, Object(Config\Cache), false)
#14 C:\xampp\htdocs\githubProject\codeigniter\system\Boot.php(334): CodeIgniter\CodeIgniter->run()
#15 C:\xampp\htdocs\githubProject\codeigniter\system\Boot.php(67): CodeIgniter\Boot::runCodeIgniter(Object(CodeIgniter\CodeIgniter))
#16 C:\xampp\htdocs\githubProject\codeigniter\public\index.php(55): CodeIgniter\Boot::bootWeb(Object(Config\Paths))
#17 C:\xampp\htdocs\githubProject\codeigniter\system\rewrite.php(44): require_once('C:\\xampp\\htdocs...')
#18 {main}

Next CodeIgniter\Database\Exceptions\DatabaseException: No connection could be made because the target machine actively refused it in C:\xampp\htdocs\githubProject\codeigniter\system\Database\MySQLi\Connection.php:246
Stack trace:
#0 C:\xampp\htdocs\githubProject\codeigniter\system\Database\BaseConnection.php(421): CodeIgniter\Database\MySQLi\Connection->connect(false)
#1 C:\xampp\htdocs\githubProject\codeigniter\system\Database\BaseConnection.php(620): CodeIgniter\Database\BaseConnection->initialize()
#2 C:\xampp\htdocs\githubProject\codeigniter\system\Database\BaseBuilder.php(1649): CodeIgniter\Database\BaseConnection->query('SELECT 1\nFROM `...', Array, false)
#3 C:\xampp\htdocs\githubProject\codeigniter\system\Validation\Rules.php(175): CodeIgniter\Database\BaseBuilder->get()
#4 C:\xampp\htdocs\githubProject\codeigniter\system\Validation\StrictRules\Rules.php(187): CodeIgniter\Validation\Rules->is_unique('listream843.mal...', 'admin.email', Array)
#5 C:\xampp\htdocs\githubProject\codeigniter\system\Validation\Validation.php(337): CodeIgniter\Validation\StrictRules\Rules->is_unique('listream843.mal...', 'admin.email', Array, NULL, 'email')
#6 C:\xampp\htdocs\githubProject\codeigniter\system\Validation\Validation.php(202): CodeIgniter\Validation\Validation->processRules('email', 'email', 'listream843.mal...', Array, Array, 'email')
#7 C:\xampp\htdocs\githubProject\codeigniter\app\Services\AdminService.php(61): CodeIgniter\Validation\Validation->run()
#8 C:\xampp\htdocs\githubProject\codeigniter\app\Services\AdminService.php(66): App\Services\AdminService->validationThemAdmin(Object(CodeIgniter\HTTP\IncomingRequest))
#9 C:\xampp\htdocs\githubProject\codeigniter\app\Controllers\admin\Login.php(26): App\Services\AdminService->themAdmin(Object(CodeIgniter\HTTP\IncomingRequest))
#10 C:\xampp\htdocs\githubProject\codeigniter\system\CodeIgniter.php(933): App\Controllers\admin\Login->create()
#11 C:\xampp\htdocs\githubProject\codeigniter\system\CodeIgniter.php(507): CodeIgniter\CodeIgniter->runController(Object(App\Controllers\admin\Login))
#12 C:\xampp\htdocs\githubProject\codeigniter\system\CodeIgniter.php(354): CodeIgniter\CodeIgniter->handleRequest(NULL, Object(Config\Cache), false)
#13 C:\xampp\htdocs\githubProject\codeigniter\system\Boot.php(334): CodeIgniter\CodeIgniter->run()
#14 C:\xampp\htdocs\githubProject\codeigniter\system\Boot.php(67): CodeIgniter\Boot::runCodeIgniter(Object(CodeIgniter\CodeIgniter))
#15 C:\xampp\htdocs\githubProject\codeigniter\public\index.php(55): CodeIgniter\Boot::bootWeb(Object(Config\Paths))
#16 C:\xampp\htdocs\githubProject\codeigniter\system\rewrite.php(44): require_once('C:\\xampp\\htdocs...')
#17 {main}
CRITICAL - 2025-04-23 11:36:27 --> CodeIgniter\Database\Exceptions\DatabaseException: Unable to connect to the database.
Main connection [MySQLi]: No connection could be made because the target machine actively refused it
[Method: POST, Route: admin/create]
in SYSTEMPATH\Database\BaseConnection.php on line 467.
 1 SYSTEMPATH\Database\BaseConnection.php(620): CodeIgniter\Database\BaseConnection->initialize()
 2 SYSTEMPATH\Database\BaseBuilder.php(1649): CodeIgniter\Database\BaseConnection->query('SELECT 1
FROM `admin`
WHERE `email` = :email:
 LIMIT 1', [...], false)
 3 SYSTEMPATH\Validation\Rules.php(175): CodeIgniter\Database\BaseBuilder->get()
 4 SYSTEMPATH\Validation\StrictRules\Rules.php(187): CodeIgniter\Validation\Rules->is_unique('listream843.maloc@gmail.com', 'admin.email', [...])
 5 SYSTEMPATH\Validation\Validation.php(337): CodeIgniter\Validation\StrictRules\Rules->is_unique('listream843.maloc@gmail.com', 'admin.email', [...], null, 'email')
 6 SYSTEMPATH\Validation\Validation.php(202): CodeIgniter\Validation\Validation->processRules('email', 'email', 'listream843.maloc@gmail.com', [...], [...], 'email')
 7 APPPATH\Services\AdminService.php(61): CodeIgniter\Validation\Validation->run()
 8 APPPATH\Services\AdminService.php(66): App\Services\AdminService->validationThemAdmin(Object(CodeIgniter\HTTP\IncomingRequest))
 9 APPPATH\Controllers\admin\Login.php(26): App\Services\AdminService->themAdmin(Object(CodeIgniter\HTTP\IncomingRequest))
10 SYSTEMPATH\CodeIgniter.php(933): App\Controllers\admin\Login->create()
11 SYSTEMPATH\CodeIgniter.php(507): CodeIgniter\CodeIgniter->runController(Object(App\Controllers\admin\Login))
12 SYSTEMPATH\CodeIgniter.php(354): CodeIgniter\CodeIgniter->handleRequest(null, Object(Config\Cache), false)
13 SYSTEMPATH\Boot.php(334): CodeIgniter\CodeIgniter->run()
14 SYSTEMPATH\Boot.php(67): CodeIgniter\Boot::runCodeIgniter(Object(CodeIgniter\CodeIgniter))
15 FCPATH\index.php(55): CodeIgniter\Boot::bootWeb(Object(Config\Paths))
16 SYSTEMPATH\rewrite.php(44): require_once('C:\\xampp\\htdocs\\githubProject\\codeigniter\\public\\index.php')
ERROR - 2025-04-23 11:36:31 --> Error connecting to the database: mysqli_sql_exception: No connection could be made because the target machine actively refused it in C:\xampp\htdocs\githubProject\codeigniter\system\Database\MySQLi\Connection.php:201
Stack trace:
#0 C:\xampp\htdocs\githubProject\codeigniter\system\Database\MySQLi\Connection.php(201): mysqli->real_connect('localhost', 'root', Object(SensitiveParameterValue), 'koji', 3306, '', 0)
#1 C:\xampp\htdocs\githubProject\codeigniter\system\Database\BaseConnection.php(421): CodeIgniter\Database\MySQLi\Connection->connect(false)
#2 C:\xampp\htdocs\githubProject\codeigniter\system\Database\BaseConnection.php(620): CodeIgniter\Database\BaseConnection->initialize()
#3 C:\xampp\htdocs\githubProject\codeigniter\system\Database\BaseBuilder.php(1649): CodeIgniter\Database\BaseConnection->query('SELECT 1\nFROM `...', Array, false)
#4 C:\xampp\htdocs\githubProject\codeigniter\system\Validation\Rules.php(175): CodeIgniter\Database\BaseBuilder->get()
#5 C:\xampp\htdocs\githubProject\codeigniter\system\Validation\StrictRules\Rules.php(187): CodeIgniter\Validation\Rules->is_unique('listream843.mal...', 'admin.email', Array)
#6 C:\xampp\htdocs\githubProject\codeigniter\system\Validation\Validation.php(337): CodeIgniter\Validation\StrictRules\Rules->is_unique('listream843.mal...', 'admin.email', Array, NULL, 'email')
#7 C:\xampp\htdocs\githubProject\codeigniter\system\Validation\Validation.php(202): CodeIgniter\Validation\Validation->processRules('email', 'email', 'listream843.mal...', Array, Array, 'email')
#8 C:\xampp\htdocs\githubProject\codeigniter\app\Services\AdminService.php(61): CodeIgniter\Validation\Validation->run()
#9 C:\xampp\htdocs\githubProject\codeigniter\app\Services\AdminService.php(66): App\Services\AdminService->validationThemAdmin(Object(CodeIgniter\HTTP\IncomingRequest))
#10 C:\xampp\htdocs\githubProject\codeigniter\app\Controllers\admin\Login.php(26): App\Services\AdminService->themAdmin(Object(CodeIgniter\HTTP\IncomingRequest))
#11 C:\xampp\htdocs\githubProject\codeigniter\system\CodeIgniter.php(933): App\Controllers\admin\Login->create()
#12 C:\xampp\htdocs\githubProject\codeigniter\system\CodeIgniter.php(507): CodeIgniter\CodeIgniter->runController(Object(App\Controllers\admin\Login))
#13 C:\xampp\htdocs\githubProject\codeigniter\system\CodeIgniter.php(354): CodeIgniter\CodeIgniter->handleRequest(NULL, Object(Config\Cache), false)
#14 C:\xampp\htdocs\githubProject\codeigniter\system\Boot.php(334): CodeIgniter\CodeIgniter->run()
#15 C:\xampp\htdocs\githubProject\codeigniter\system\Boot.php(67): CodeIgniter\Boot::runCodeIgniter(Object(CodeIgniter\CodeIgniter))
#16 C:\xampp\htdocs\githubProject\codeigniter\public\index.php(55): CodeIgniter\Boot::bootWeb(Object(Config\Paths))
#17 C:\xampp\htdocs\githubProject\codeigniter\system\rewrite.php(44): require_once('C:\\xampp\\htdocs...')
#18 {main}

Next CodeIgniter\Database\Exceptions\DatabaseException: No connection could be made because the target machine actively refused it in C:\xampp\htdocs\githubProject\codeigniter\system\Database\MySQLi\Connection.php:246
Stack trace:
#0 C:\xampp\htdocs\githubProject\codeigniter\system\Database\BaseConnection.php(421): CodeIgniter\Database\MySQLi\Connection->connect(false)
#1 C:\xampp\htdocs\githubProject\codeigniter\system\Database\BaseConnection.php(620): CodeIgniter\Database\BaseConnection->initialize()
#2 C:\xampp\htdocs\githubProject\codeigniter\system\Database\BaseBuilder.php(1649): CodeIgniter\Database\BaseConnection->query('SELECT 1\nFROM `...', Array, false)
#3 C:\xampp\htdocs\githubProject\codeigniter\system\Validation\Rules.php(175): CodeIgniter\Database\BaseBuilder->get()
#4 C:\xampp\htdocs\githubProject\codeigniter\system\Validation\StrictRules\Rules.php(187): CodeIgniter\Validation\Rules->is_unique('listream843.mal...', 'admin.email', Array)
#5 C:\xampp\htdocs\githubProject\codeigniter\system\Validation\Validation.php(337): CodeIgniter\Validation\StrictRules\Rules->is_unique('listream843.mal...', 'admin.email', Array, NULL, 'email')
#6 C:\xampp\htdocs\githubProject\codeigniter\system\Validation\Validation.php(202): CodeIgniter\Validation\Validation->processRules('email', 'email', 'listream843.mal...', Array, Array, 'email')
#7 C:\xampp\htdocs\githubProject\codeigniter\app\Services\AdminService.php(61): CodeIgniter\Validation\Validation->run()
#8 C:\xampp\htdocs\githubProject\codeigniter\app\Services\AdminService.php(66): App\Services\AdminService->validationThemAdmin(Object(CodeIgniter\HTTP\IncomingRequest))
#9 C:\xampp\htdocs\githubProject\codeigniter\app\Controllers\admin\Login.php(26): App\Services\AdminService->themAdmin(Object(CodeIgniter\HTTP\IncomingRequest))
#10 C:\xampp\htdocs\githubProject\codeigniter\system\CodeIgniter.php(933): App\Controllers\admin\Login->create()
#11 C:\xampp\htdocs\githubProject\codeigniter\system\CodeIgniter.php(507): CodeIgniter\CodeIgniter->runController(Object(App\Controllers\admin\Login))
#12 C:\xampp\htdocs\githubProject\codeigniter\system\CodeIgniter.php(354): CodeIgniter\CodeIgniter->handleRequest(NULL, Object(Config\Cache), false)
#13 C:\xampp\htdocs\githubProject\codeigniter\system\Boot.php(334): CodeIgniter\CodeIgniter->run()
#14 C:\xampp\htdocs\githubProject\codeigniter\system\Boot.php(67): CodeIgniter\Boot::runCodeIgniter(Object(CodeIgniter\CodeIgniter))
#15 C:\xampp\htdocs\githubProject\codeigniter\public\index.php(55): CodeIgniter\Boot::bootWeb(Object(Config\Paths))
#16 C:\xampp\htdocs\githubProject\codeigniter\system\rewrite.php(44): require_once('C:\\xampp\\htdocs...')
#17 {main}
CRITICAL - 2025-04-23 11:36:32 --> CodeIgniter\Database\Exceptions\DatabaseException: Unable to connect to the database.
Main connection [MySQLi]: No connection could be made because the target machine actively refused it
[Method: POST, Route: admin/create]
in SYSTEMPATH\Database\BaseConnection.php on line 467.
 1 SYSTEMPATH\Database\BaseConnection.php(620): CodeIgniter\Database\BaseConnection->initialize()
 2 SYSTEMPATH\Database\BaseBuilder.php(1649): CodeIgniter\Database\BaseConnection->query('SELECT 1
FROM `admin`
WHERE `email` = :email:
 LIMIT 1', [...], false)
 3 SYSTEMPATH\Validation\Rules.php(175): CodeIgniter\Database\BaseBuilder->get()
 4 SYSTEMPATH\Validation\StrictRules\Rules.php(187): CodeIgniter\Validation\Rules->is_unique('listream843.maloc@gmail.com', 'admin.email', [...])
 5 SYSTEMPATH\Validation\Validation.php(337): CodeIgniter\Validation\StrictRules\Rules->is_unique('listream843.maloc@gmail.com', 'admin.email', [...], null, 'email')
 6 SYSTEMPATH\Validation\Validation.php(202): CodeIgniter\Validation\Validation->processRules('email', 'email', 'listream843.maloc@gmail.com', [...], [...], 'email')
 7 APPPATH\Services\AdminService.php(61): CodeIgniter\Validation\Validation->run()
 8 APPPATH\Services\AdminService.php(66): App\Services\AdminService->validationThemAdmin(Object(CodeIgniter\HTTP\IncomingRequest))
 9 APPPATH\Controllers\admin\Login.php(26): App\Services\AdminService->themAdmin(Object(CodeIgniter\HTTP\IncomingRequest))
10 SYSTEMPATH\CodeIgniter.php(933): App\Controllers\admin\Login->create()
11 SYSTEMPATH\CodeIgniter.php(507): CodeIgniter\CodeIgniter->runController(Object(App\Controllers\admin\Login))
12 SYSTEMPATH\CodeIgniter.php(354): CodeIgniter\CodeIgniter->handleRequest(null, Object(Config\Cache), false)
13 SYSTEMPATH\Boot.php(334): CodeIgniter\CodeIgniter->run()
14 SYSTEMPATH\Boot.php(67): CodeIgniter\Boot::runCodeIgniter(Object(CodeIgniter\CodeIgniter))
15 FCPATH\index.php(55): CodeIgniter\Boot::bootWeb(Object(Config\Paths))
16 SYSTEMPATH\rewrite.php(44): require_once('C:\\xampp\\htdocs\\githubProject\\codeigniter\\public\\index.php')
ERROR - 2025-04-23 11:37:39 --> Error connecting to the database: mysqli_sql_exception: No connection could be made because the target machine actively refused it in C:\xampp\htdocs\githubProject\codeigniter\system\Database\MySQLi\Connection.php:201
Stack trace:
#0 C:\xampp\htdocs\githubProject\codeigniter\system\Database\MySQLi\Connection.php(201): mysqli->real_connect('localhost', 'root', Object(SensitiveParameterValue), 'koji', 3306, '', 0)
#1 C:\xampp\htdocs\githubProject\codeigniter\system\Database\BaseConnection.php(421): CodeIgniter\Database\MySQLi\Connection->connect(false)
#2 C:\xampp\htdocs\githubProject\codeigniter\system\Database\BaseConnection.php(620): CodeIgniter\Database\BaseConnection->initialize()
#3 C:\xampp\htdocs\githubProject\codeigniter\system\Database\BaseBuilder.php(1649): CodeIgniter\Database\BaseConnection->query('SELECT 1\nFROM `...', Array, false)
#4 C:\xampp\htdocs\githubProject\codeigniter\system\Validation\Rules.php(175): CodeIgniter\Database\BaseBuilder->get()
#5 C:\xampp\htdocs\githubProject\codeigniter\system\Validation\StrictRules\Rules.php(187): CodeIgniter\Validation\Rules->is_unique('listream843.mal...', 'admin.email', Array)
#6 C:\xampp\htdocs\githubProject\codeigniter\system\Validation\Validation.php(337): CodeIgniter\Validation\StrictRules\Rules->is_unique('listream843.mal...', 'admin.email', Array, NULL, 'email')
#7 C:\xampp\htdocs\githubProject\codeigniter\system\Validation\Validation.php(202): CodeIgniter\Validation\Validation->processRules('email', 'email', 'listream843.mal...', Array, Array, 'email')
#8 C:\xampp\htdocs\githubProject\codeigniter\app\Services\AdminService.php(61): CodeIgniter\Validation\Validation->run()
#9 C:\xampp\htdocs\githubProject\codeigniter\app\Services\AdminService.php(66): App\Services\AdminService->validationThemAdmin(Object(CodeIgniter\HTTP\IncomingRequest))
#10 C:\xampp\htdocs\githubProject\codeigniter\app\Controllers\admin\Login.php(26): App\Services\AdminService->themAdmin(Object(CodeIgniter\HTTP\IncomingRequest))
#11 C:\xampp\htdocs\githubProject\codeigniter\system\CodeIgniter.php(933): App\Controllers\admin\Login->create()
#12 C:\xampp\htdocs\githubProject\codeigniter\system\CodeIgniter.php(507): CodeIgniter\CodeIgniter->runController(Object(App\Controllers\admin\Login))
#13 C:\xampp\htdocs\githubProject\codeigniter\system\CodeIgniter.php(354): CodeIgniter\CodeIgniter->handleRequest(NULL, Object(Config\Cache), false)
#14 C:\xampp\htdocs\githubProject\codeigniter\system\Boot.php(334): CodeIgniter\CodeIgniter->run()
#15 C:\xampp\htdocs\githubProject\codeigniter\system\Boot.php(67): CodeIgniter\Boot::runCodeIgniter(Object(CodeIgniter\CodeIgniter))
#16 C:\xampp\htdocs\githubProject\codeigniter\public\index.php(55): CodeIgniter\Boot::bootWeb(Object(Config\Paths))
#17 C:\xampp\htdocs\githubProject\codeigniter\system\rewrite.php(44): require_once('C:\\xampp\\htdocs...')
#18 {main}

Next CodeIgniter\Database\Exceptions\DatabaseException: No connection could be made because the target machine actively refused it in C:\xampp\htdocs\githubProject\codeigniter\system\Database\MySQLi\Connection.php:246
Stack trace:
#0 C:\xampp\htdocs\githubProject\codeigniter\system\Database\BaseConnection.php(421): CodeIgniter\Database\MySQLi\Connection->connect(false)
#1 C:\xampp\htdocs\githubProject\codeigniter\system\Database\BaseConnection.php(620): CodeIgniter\Database\BaseConnection->initialize()
#2 C:\xampp\htdocs\githubProject\codeigniter\system\Database\BaseBuilder.php(1649): CodeIgniter\Database\BaseConnection->query('SELECT 1\nFROM `...', Array, false)
#3 C:\xampp\htdocs\githubProject\codeigniter\system\Validation\Rules.php(175): CodeIgniter\Database\BaseBuilder->get()
#4 C:\xampp\htdocs\githubProject\codeigniter\system\Validation\StrictRules\Rules.php(187): CodeIgniter\Validation\Rules->is_unique('listream843.mal...', 'admin.email', Array)
#5 C:\xampp\htdocs\githubProject\codeigniter\system\Validation\Validation.php(337): CodeIgniter\Validation\StrictRules\Rules->is_unique('listream843.mal...', 'admin.email', Array, NULL, 'email')
#6 C:\xampp\htdocs\githubProject\codeigniter\system\Validation\Validation.php(202): CodeIgniter\Validation\Validation->processRules('email', 'email', 'listream843.mal...', Array, Array, 'email')
#7 C:\xampp\htdocs\githubProject\codeigniter\app\Services\AdminService.php(61): CodeIgniter\Validation\Validation->run()
#8 C:\xampp\htdocs\githubProject\codeigniter\app\Services\AdminService.php(66): App\Services\AdminService->validationThemAdmin(Object(CodeIgniter\HTTP\IncomingRequest))
#9 C:\xampp\htdocs\githubProject\codeigniter\app\Controllers\admin\Login.php(26): App\Services\AdminService->themAdmin(Object(CodeIgniter\HTTP\IncomingRequest))
#10 C:\xampp\htdocs\githubProject\codeigniter\system\CodeIgniter.php(933): App\Controllers\admin\Login->create()
#11 C:\xampp\htdocs\githubProject\codeigniter\system\CodeIgniter.php(507): CodeIgniter\CodeIgniter->runController(Object(App\Controllers\admin\Login))
#12 C:\xampp\htdocs\githubProject\codeigniter\system\CodeIgniter.php(354): CodeIgniter\CodeIgniter->handleRequest(NULL, Object(Config\Cache), false)
#13 C:\xampp\htdocs\githubProject\codeigniter\system\Boot.php(334): CodeIgniter\CodeIgniter->run()
#14 C:\xampp\htdocs\githubProject\codeigniter\system\Boot.php(67): CodeIgniter\Boot::runCodeIgniter(Object(CodeIgniter\CodeIgniter))
#15 C:\xampp\htdocs\githubProject\codeigniter\public\index.php(55): CodeIgniter\Boot::bootWeb(Object(Config\Paths))
#16 C:\xampp\htdocs\githubProject\codeigniter\system\rewrite.php(44): require_once('C:\\xampp\\htdocs...')
#17 {main}
CRITICAL - 2025-04-23 11:37:39 --> CodeIgniter\Database\Exceptions\DatabaseException: Unable to connect to the database.
Main connection [MySQLi]: No connection could be made because the target machine actively refused it
[Method: POST, Route: admin/create]
in SYSTEMPATH\Database\BaseConnection.php on line 467.
 1 SYSTEMPATH\Database\BaseConnection.php(620): CodeIgniter\Database\BaseConnection->initialize()
 2 SYSTEMPATH\Database\BaseBuilder.php(1649): CodeIgniter\Database\BaseConnection->query('SELECT 1
FROM `admin`
WHERE `email` = :email:
 LIMIT 1', [...], false)
 3 SYSTEMPATH\Validation\Rules.php(175): CodeIgniter\Database\BaseBuilder->get()
 4 SYSTEMPATH\Validation\StrictRules\Rules.php(187): CodeIgniter\Validation\Rules->is_unique('listream843.maloc@gmail.com', 'admin.email', [...])
 5 SYSTEMPATH\Validation\Validation.php(337): CodeIgniter\Validation\StrictRules\Rules->is_unique('listream843.maloc@gmail.com', 'admin.email', [...], null, 'email')
 6 SYSTEMPATH\Validation\Validation.php(202): CodeIgniter\Validation\Validation->processRules('email', 'email', 'listream843.maloc@gmail.com', [...], [...], 'email')
 7 APPPATH\Services\AdminService.php(61): CodeIgniter\Validation\Validation->run()
 8 APPPATH\Services\AdminService.php(66): App\Services\AdminService->validationThemAdmin(Object(CodeIgniter\HTTP\IncomingRequest))
 9 APPPATH\Controllers\admin\Login.php(26): App\Services\AdminService->themAdmin(Object(CodeIgniter\HTTP\IncomingRequest))
10 SYSTEMPATH\CodeIgniter.php(933): App\Controllers\admin\Login->create()
11 SYSTEMPATH\CodeIgniter.php(507): CodeIgniter\CodeIgniter->runController(Object(App\Controllers\admin\Login))
12 SYSTEMPATH\CodeIgniter.php(354): CodeIgniter\CodeIgniter->handleRequest(null, Object(Config\Cache), false)
13 SYSTEMPATH\Boot.php(334): CodeIgniter\CodeIgniter->run()
14 SYSTEMPATH\Boot.php(67): CodeIgniter\Boot::runCodeIgniter(Object(CodeIgniter\CodeIgniter))
15 FCPATH\index.php(55): CodeIgniter\Boot::bootWeb(Object(Config\Paths))
16 SYSTEMPATH\rewrite.php(44): require_once('C:\\xampp\\htdocs\\githubProject\\codeigniter\\public\\index.php')
ERROR - 2025-04-23 11:37:49 --> Error connecting to the database: mysqli_sql_exception: No connection could be made because the target machine actively refused it in C:\xampp\htdocs\githubProject\codeigniter\system\Database\MySQLi\Connection.php:201
Stack trace:
#0 C:\xampp\htdocs\githubProject\codeigniter\system\Database\MySQLi\Connection.php(201): mysqli->real_connect('localhost', 'root', Object(SensitiveParameterValue), 'koji', 3306, '', 0)
#1 C:\xampp\htdocs\githubProject\codeigniter\system\Database\BaseConnection.php(421): CodeIgniter\Database\MySQLi\Connection->connect(false)
#2 C:\xampp\htdocs\githubProject\codeigniter\system\Database\BaseConnection.php(620): CodeIgniter\Database\BaseConnection->initialize()
#3 C:\xampp\htdocs\githubProject\codeigniter\system\Database\BaseBuilder.php(1649): CodeIgniter\Database\BaseConnection->query('SELECT 1\nFROM `...', Array, false)
#4 C:\xampp\htdocs\githubProject\codeigniter\system\Validation\Rules.php(175): CodeIgniter\Database\BaseBuilder->get()
#5 C:\xampp\htdocs\githubProject\codeigniter\system\Validation\StrictRules\Rules.php(187): CodeIgniter\Validation\Rules->is_unique('listream843.mal...', 'admin.email', Array)
#6 C:\xampp\htdocs\githubProject\codeigniter\system\Validation\Validation.php(337): CodeIgniter\Validation\StrictRules\Rules->is_unique('listream843.mal...', 'admin.email', Array, NULL, 'email')
#7 C:\xampp\htdocs\githubProject\codeigniter\system\Validation\Validation.php(202): CodeIgniter\Validation\Validation->processRules('email', 'email', 'listream843.mal...', Array, Array, 'email')
#8 C:\xampp\htdocs\githubProject\codeigniter\app\Services\AdminService.php(61): CodeIgniter\Validation\Validation->run()
#9 C:\xampp\htdocs\githubProject\codeigniter\app\Services\AdminService.php(66): App\Services\AdminService->validationThemAdmin(Object(CodeIgniter\HTTP\IncomingRequest))
#10 C:\xampp\htdocs\githubProject\codeigniter\app\Controllers\admin\Login.php(26): App\Services\AdminService->themAdmin(Object(CodeIgniter\HTTP\IncomingRequest))
#11 C:\xampp\htdocs\githubProject\codeigniter\system\CodeIgniter.php(933): App\Controllers\admin\Login->create()
#12 C:\xampp\htdocs\githubProject\codeigniter\system\CodeIgniter.php(507): CodeIgniter\CodeIgniter->runController(Object(App\Controllers\admin\Login))
#13 C:\xampp\htdocs\githubProject\codeigniter\system\CodeIgniter.php(354): CodeIgniter\CodeIgniter->handleRequest(NULL, Object(Config\Cache), false)
#14 C:\xampp\htdocs\githubProject\codeigniter\system\Boot.php(334): CodeIgniter\CodeIgniter->run()
#15 C:\xampp\htdocs\githubProject\codeigniter\system\Boot.php(67): CodeIgniter\Boot::runCodeIgniter(Object(CodeIgniter\CodeIgniter))
#16 C:\xampp\htdocs\githubProject\codeigniter\public\index.php(55): CodeIgniter\Boot::bootWeb(Object(Config\Paths))
#17 C:\xampp\htdocs\githubProject\codeigniter\system\rewrite.php(44): require_once('C:\\xampp\\htdocs...')
#18 {main}

Next CodeIgniter\Database\Exceptions\DatabaseException: No connection could be made because the target machine actively refused it in C:\xampp\htdocs\githubProject\codeigniter\system\Database\MySQLi\Connection.php:246
Stack trace:
#0 C:\xampp\htdocs\githubProject\codeigniter\system\Database\BaseConnection.php(421): CodeIgniter\Database\MySQLi\Connection->connect(false)
#1 C:\xampp\htdocs\githubProject\codeigniter\system\Database\BaseConnection.php(620): CodeIgniter\Database\BaseConnection->initialize()
#2 C:\xampp\htdocs\githubProject\codeigniter\system\Database\BaseBuilder.php(1649): CodeIgniter\Database\BaseConnection->query('SELECT 1\nFROM `...', Array, false)
#3 C:\xampp\htdocs\githubProject\codeigniter\system\Validation\Rules.php(175): CodeIgniter\Database\BaseBuilder->get()
#4 C:\xampp\htdocs\githubProject\codeigniter\system\Validation\StrictRules\Rules.php(187): CodeIgniter\Validation\Rules->is_unique('listream843.mal...', 'admin.email', Array)
#5 C:\xampp\htdocs\githubProject\codeigniter\system\Validation\Validation.php(337): CodeIgniter\Validation\StrictRules\Rules->is_unique('listream843.mal...', 'admin.email', Array, NULL, 'email')
#6 C:\xampp\htdocs\githubProject\codeigniter\system\Validation\Validation.php(202): CodeIgniter\Validation\Validation->processRules('email', 'email', 'listream843.mal...', Array, Array, 'email')
#7 C:\xampp\htdocs\githubProject\codeigniter\app\Services\AdminService.php(61): CodeIgniter\Validation\Validation->run()
#8 C:\xampp\htdocs\githubProject\codeigniter\app\Services\AdminService.php(66): App\Services\AdminService->validationThemAdmin(Object(CodeIgniter\HTTP\IncomingRequest))
#9 C:\xampp\htdocs\githubProject\codeigniter\app\Controllers\admin\Login.php(26): App\Services\AdminService->themAdmin(Object(CodeIgniter\HTTP\IncomingRequest))
#10 C:\xampp\htdocs\githubProject\codeigniter\system\CodeIgniter.php(933): App\Controllers\admin\Login->create()
#11 C:\xampp\htdocs\githubProject\codeigniter\system\CodeIgniter.php(507): CodeIgniter\CodeIgniter->runController(Object(App\Controllers\admin\Login))
#12 C:\xampp\htdocs\githubProject\codeigniter\system\CodeIgniter.php(354): CodeIgniter\CodeIgniter->handleRequest(NULL, Object(Config\Cache), false)
#13 C:\xampp\htdocs\githubProject\codeigniter\system\Boot.php(334): CodeIgniter\CodeIgniter->run()
#14 C:\xampp\htdocs\githubProject\codeigniter\system\Boot.php(67): CodeIgniter\Boot::runCodeIgniter(Object(CodeIgniter\CodeIgniter))
#15 C:\xampp\htdocs\githubProject\codeigniter\public\index.php(55): CodeIgniter\Boot::bootWeb(Object(Config\Paths))
#16 C:\xampp\htdocs\githubProject\codeigniter\system\rewrite.php(44): require_once('C:\\xampp\\htdocs...')
#17 {main}
CRITICAL - 2025-04-23 11:37:49 --> CodeIgniter\Database\Exceptions\DatabaseException: Unable to connect to the database.
Main connection [MySQLi]: No connection could be made because the target machine actively refused it
[Method: POST, Route: admin/create]
in SYSTEMPATH\Database\BaseConnection.php on line 467.
 1 SYSTEMPATH\Database\BaseConnection.php(620): CodeIgniter\Database\BaseConnection->initialize()
 2 SYSTEMPATH\Database\BaseBuilder.php(1649): CodeIgniter\Database\BaseConnection->query('SELECT 1
FROM `admin`
WHERE `email` = :email:
 LIMIT 1', [...], false)
 3 SYSTEMPATH\Validation\Rules.php(175): CodeIgniter\Database\BaseBuilder->get()
 4 SYSTEMPATH\Validation\StrictRules\Rules.php(187): CodeIgniter\Validation\Rules->is_unique('listream843.maloc@gmail.com', 'admin.email', [...])
 5 SYSTEMPATH\Validation\Validation.php(337): CodeIgniter\Validation\StrictRules\Rules->is_unique('listream843.maloc@gmail.com', 'admin.email', [...], null, 'email')
 6 SYSTEMPATH\Validation\Validation.php(202): CodeIgniter\Validation\Validation->processRules('email', 'email', 'listream843.maloc@gmail.com', [...], [...], 'email')
 7 APPPATH\Services\AdminService.php(61): CodeIgniter\Validation\Validation->run()
 8 APPPATH\Services\AdminService.php(66): App\Services\AdminService->validationThemAdmin(Object(CodeIgniter\HTTP\IncomingRequest))
 9 APPPATH\Controllers\admin\Login.php(26): App\Services\AdminService->themAdmin(Object(CodeIgniter\HTTP\IncomingRequest))
10 SYSTEMPATH\CodeIgniter.php(933): App\Controllers\admin\Login->create()
11 SYSTEMPATH\CodeIgniter.php(507): CodeIgniter\CodeIgniter->runController(Object(App\Controllers\admin\Login))
12 SYSTEMPATH\CodeIgniter.php(354): CodeIgniter\CodeIgniter->handleRequest(null, Object(Config\Cache), false)
13 SYSTEMPATH\Boot.php(334): CodeIgniter\CodeIgniter->run()
14 SYSTEMPATH\Boot.php(67): CodeIgniter\Boot::runCodeIgniter(Object(CodeIgniter\CodeIgniter))
15 FCPATH\index.php(55): CodeIgniter\Boot::bootWeb(Object(Config\Paths))
16 SYSTEMPATH\rewrite.php(44): require_once('C:\\xampp\\htdocs\\githubProject\\codeigniter\\public\\index.php')
ERROR - 2025-04-23 11:37:59 --> Error connecting to the database: mysqli_sql_exception: No connection could be made because the target machine actively refused it in C:\xampp\htdocs\githubProject\codeigniter\system\Database\MySQLi\Connection.php:201
Stack trace:
#0 C:\xampp\htdocs\githubProject\codeigniter\system\Database\MySQLi\Connection.php(201): mysqli->real_connect('localhost', 'root', Object(SensitiveParameterValue), 'koji', 3306, '', 0)
#1 C:\xampp\htdocs\githubProject\codeigniter\system\Database\BaseConnection.php(421): CodeIgniter\Database\MySQLi\Connection->connect(false)
#2 C:\xampp\htdocs\githubProject\codeigniter\system\Database\BaseConnection.php(620): CodeIgniter\Database\BaseConnection->initialize()
#3 C:\xampp\htdocs\githubProject\codeigniter\system\Database\BaseBuilder.php(1649): CodeIgniter\Database\BaseConnection->query('SELECT 1\nFROM `...', Array, false)
#4 C:\xampp\htdocs\githubProject\codeigniter\system\Validation\Rules.php(175): CodeIgniter\Database\BaseBuilder->get()
#5 C:\xampp\htdocs\githubProject\codeigniter\system\Validation\StrictRules\Rules.php(187): CodeIgniter\Validation\Rules->is_unique('listream843.mal...', 'admin.email', Array)
#6 C:\xampp\htdocs\githubProject\codeigniter\system\Validation\Validation.php(337): CodeIgniter\Validation\StrictRules\Rules->is_unique('listream843.mal...', 'admin.email', Array, NULL, 'email')
#7 C:\xampp\htdocs\githubProject\codeigniter\system\Validation\Validation.php(202): CodeIgniter\Validation\Validation->processRules('email', 'email', 'listream843.mal...', Array, Array, 'email')
#8 C:\xampp\htdocs\githubProject\codeigniter\app\Services\AdminService.php(61): CodeIgniter\Validation\Validation->run()
#9 C:\xampp\htdocs\githubProject\codeigniter\app\Services\AdminService.php(66): App\Services\AdminService->validationThemAdmin(Object(CodeIgniter\HTTP\IncomingRequest))
#10 C:\xampp\htdocs\githubProject\codeigniter\app\Controllers\admin\Login.php(26): App\Services\AdminService->themAdmin(Object(CodeIgniter\HTTP\IncomingRequest))
#11 C:\xampp\htdocs\githubProject\codeigniter\system\CodeIgniter.php(933): App\Controllers\admin\Login->create()
#12 C:\xampp\htdocs\githubProject\codeigniter\system\CodeIgniter.php(507): CodeIgniter\CodeIgniter->runController(Object(App\Controllers\admin\Login))
#13 C:\xampp\htdocs\githubProject\codeigniter\system\CodeIgniter.php(354): CodeIgniter\CodeIgniter->handleRequest(NULL, Object(Config\Cache), false)
#14 C:\xampp\htdocs\githubProject\codeigniter\system\Boot.php(334): CodeIgniter\CodeIgniter->run()
#15 C:\xampp\htdocs\githubProject\codeigniter\system\Boot.php(67): CodeIgniter\Boot::runCodeIgniter(Object(CodeIgniter\CodeIgniter))
#16 C:\xampp\htdocs\githubProject\codeigniter\public\index.php(55): CodeIgniter\Boot::bootWeb(Object(Config\Paths))
#17 C:\xampp\htdocs\githubProject\codeigniter\system\rewrite.php(44): require_once('C:\\xampp\\htdocs...')
#18 {main}

Next CodeIgniter\Database\Exceptions\DatabaseException: No connection could be made because the target machine actively refused it in C:\xampp\htdocs\githubProject\codeigniter\system\Database\MySQLi\Connection.php:246
Stack trace:
#0 C:\xampp\htdocs\githubProject\codeigniter\system\Database\BaseConnection.php(421): CodeIgniter\Database\MySQLi\Connection->connect(false)
#1 C:\xampp\htdocs\githubProject\codeigniter\system\Database\BaseConnection.php(620): CodeIgniter\Database\BaseConnection->initialize()
#2 C:\xampp\htdocs\githubProject\codeigniter\system\Database\BaseBuilder.php(1649): CodeIgniter\Database\BaseConnection->query('SELECT 1\nFROM `...', Array, false)
#3 C:\xampp\htdocs\githubProject\codeigniter\system\Validation\Rules.php(175): CodeIgniter\Database\BaseBuilder->get()
#4 C:\xampp\htdocs\githubProject\codeigniter\system\Validation\StrictRules\Rules.php(187): CodeIgniter\Validation\Rules->is_unique('listream843.mal...', 'admin.email', Array)
#5 C:\xampp\htdocs\githubProject\codeigniter\system\Validation\Validation.php(337): CodeIgniter\Validation\StrictRules\Rules->is_unique('listream843.mal...', 'admin.email', Array, NULL, 'email')
#6 C:\xampp\htdocs\githubProject\codeigniter\system\Validation\Validation.php(202): CodeIgniter\Validation\Validation->processRules('email', 'email', 'listream843.mal...', Array, Array, 'email')
#7 C:\xampp\htdocs\githubProject\codeigniter\app\Services\AdminService.php(61): CodeIgniter\Validation\Validation->run()
#8 C:\xampp\htdocs\githubProject\codeigniter\app\Services\AdminService.php(66): App\Services\AdminService->validationThemAdmin(Object(CodeIgniter\HTTP\IncomingRequest))
#9 C:\xampp\htdocs\githubProject\codeigniter\app\Controllers\admin\Login.php(26): App\Services\AdminService->themAdmin(Object(CodeIgniter\HTTP\IncomingRequest))
#10 C:\xampp\htdocs\githubProject\codeigniter\system\CodeIgniter.php(933): App\Controllers\admin\Login->create()
#11 C:\xampp\htdocs\githubProject\codeigniter\system\CodeIgniter.php(507): CodeIgniter\CodeIgniter->runController(Object(App\Controllers\admin\Login))
#12 C:\xampp\htdocs\githubProject\codeigniter\system\CodeIgniter.php(354): CodeIgniter\CodeIgniter->handleRequest(NULL, Object(Config\Cache), false)
#13 C:\xampp\htdocs\githubProject\codeigniter\system\Boot.php(334): CodeIgniter\CodeIgniter->run()
#14 C:\xampp\htdocs\githubProject\codeigniter\system\Boot.php(67): CodeIgniter\Boot::runCodeIgniter(Object(CodeIgniter\CodeIgniter))
#15 C:\xampp\htdocs\githubProject\codeigniter\public\index.php(55): CodeIgniter\Boot::bootWeb(Object(Config\Paths))
#16 C:\xampp\htdocs\githubProject\codeigniter\system\rewrite.php(44): require_once('C:\\xampp\\htdocs...')
#17 {main}
CRITICAL - 2025-04-23 11:37:59 --> CodeIgniter\Database\Exceptions\DatabaseException: Unable to connect to the database.
Main connection [MySQLi]: No connection could be made because the target machine actively refused it
[Method: POST, Route: admin/create]
in SYSTEMPATH\Database\BaseConnection.php on line 467.
 1 SYSTEMPATH\Database\BaseConnection.php(620): CodeIgniter\Database\BaseConnection->initialize()
 2 SYSTEMPATH\Database\BaseBuilder.php(1649): CodeIgniter\Database\BaseConnection->query('SELECT 1
FROM `admin`
WHERE `email` = :email:
 LIMIT 1', [...], false)
 3 SYSTEMPATH\Validation\Rules.php(175): CodeIgniter\Database\BaseBuilder->get()
 4 SYSTEMPATH\Validation\StrictRules\Rules.php(187): CodeIgniter\Validation\Rules->is_unique('listream843.maloc@gmail.com', 'admin.email', [...])
 5 SYSTEMPATH\Validation\Validation.php(337): CodeIgniter\Validation\StrictRules\Rules->is_unique('listream843.maloc@gmail.com', 'admin.email', [...], null, 'email')
 6 SYSTEMPATH\Validation\Validation.php(202): CodeIgniter\Validation\Validation->processRules('email', 'email', 'listream843.maloc@gmail.com', [...], [...], 'email')
 7 APPPATH\Services\AdminService.php(61): CodeIgniter\Validation\Validation->run()
 8 APPPATH\Services\AdminService.php(66): App\Services\AdminService->validationThemAdmin(Object(CodeIgniter\HTTP\IncomingRequest))
 9 APPPATH\Controllers\admin\Login.php(26): App\Services\AdminService->themAdmin(Object(CodeIgniter\HTTP\IncomingRequest))
10 SYSTEMPATH\CodeIgniter.php(933): App\Controllers\admin\Login->create()
11 SYSTEMPATH\CodeIgniter.php(507): CodeIgniter\CodeIgniter->runController(Object(App\Controllers\admin\Login))
12 SYSTEMPATH\CodeIgniter.php(354): CodeIgniter\CodeIgniter->handleRequest(null, Object(Config\Cache), false)
13 SYSTEMPATH\Boot.php(334): CodeIgniter\CodeIgniter->run()
14 SYSTEMPATH\Boot.php(67): CodeIgniter\Boot::runCodeIgniter(Object(CodeIgniter\CodeIgniter))
15 FCPATH\index.php(55): CodeIgniter\Boot::bootWeb(Object(Config\Paths))
16 SYSTEMPATH\rewrite.php(44): require_once('C:\\xampp\\htdocs\\githubProject\\codeigniter\\public\\index.php')
ERROR - 2025-04-23 11:38:29 --> Error connecting to the database: mysqli_sql_exception: No connection could be made because the target machine actively refused it in C:\xampp\htdocs\githubProject\codeigniter\system\Database\MySQLi\Connection.php:201
Stack trace:
#0 C:\xampp\htdocs\githubProject\codeigniter\system\Database\MySQLi\Connection.php(201): mysqli->real_connect('localhost', 'root', Object(SensitiveParameterValue), 'koji', 3306, '', 0)
#1 C:\xampp\htdocs\githubProject\codeigniter\system\Database\BaseConnection.php(421): CodeIgniter\Database\MySQLi\Connection->connect(false)
#2 C:\xampp\htdocs\githubProject\codeigniter\system\Database\BaseConnection.php(620): CodeIgniter\Database\BaseConnection->initialize()
#3 C:\xampp\htdocs\githubProject\codeigniter\system\Database\BaseBuilder.php(1649): CodeIgniter\Database\BaseConnection->query('SELECT 1\nFROM `...', Array, false)
#4 C:\xampp\htdocs\githubProject\codeigniter\system\Validation\Rules.php(175): CodeIgniter\Database\BaseBuilder->get()
#5 C:\xampp\htdocs\githubProject\codeigniter\system\Validation\StrictRules\Rules.php(187): CodeIgniter\Validation\Rules->is_unique('bach@gmail.com', 'admin.email', Array)
#6 C:\xampp\htdocs\githubProject\codeigniter\system\Validation\Validation.php(337): CodeIgniter\Validation\StrictRules\Rules->is_unique('bach@gmail.com', 'admin.email', Array, NULL, 'email')
#7 C:\xampp\htdocs\githubProject\codeigniter\system\Validation\Validation.php(202): CodeIgniter\Validation\Validation->processRules('email', 'email', 'bach@gmail.com', Array, Array, 'email')
#8 C:\xampp\htdocs\githubProject\codeigniter\app\Services\AdminService.php(61): CodeIgniter\Validation\Validation->run()
#9 C:\xampp\htdocs\githubProject\codeigniter\app\Services\AdminService.php(66): App\Services\AdminService->validationThemAdmin(Object(CodeIgniter\HTTP\IncomingRequest))
#10 C:\xampp\htdocs\githubProject\codeigniter\app\Controllers\admin\Login.php(26): App\Services\AdminService->themAdmin(Object(CodeIgniter\HTTP\IncomingRequest))
#11 C:\xampp\htdocs\githubProject\codeigniter\system\CodeIgniter.php(933): App\Controllers\admin\Login->create()
#12 C:\xampp\htdocs\githubProject\codeigniter\system\CodeIgniter.php(507): CodeIgniter\CodeIgniter->runController(Object(App\Controllers\admin\Login))
#13 C:\xampp\htdocs\githubProject\codeigniter\system\CodeIgniter.php(354): CodeIgniter\CodeIgniter->handleRequest(NULL, Object(Config\Cache), false)
#14 C:\xampp\htdocs\githubProject\codeigniter\system\Boot.php(334): CodeIgniter\CodeIgniter->run()
#15 C:\xampp\htdocs\githubProject\codeigniter\system\Boot.php(67): CodeIgniter\Boot::runCodeIgniter(Object(CodeIgniter\CodeIgniter))
#16 C:\xampp\htdocs\githubProject\codeigniter\public\index.php(55): CodeIgniter\Boot::bootWeb(Object(Config\Paths))
#17 C:\xampp\htdocs\githubProject\codeigniter\system\rewrite.php(44): require_once('C:\\xampp\\htdocs...')
#18 {main}

Next CodeIgniter\Database\Exceptions\DatabaseException: No connection could be made because the target machine actively refused it in C:\xampp\htdocs\githubProject\codeigniter\system\Database\MySQLi\Connection.php:246
Stack trace:
#0 C:\xampp\htdocs\githubProject\codeigniter\system\Database\BaseConnection.php(421): CodeIgniter\Database\MySQLi\Connection->connect(false)
#1 C:\xampp\htdocs\githubProject\codeigniter\system\Database\BaseConnection.php(620): CodeIgniter\Database\BaseConnection->initialize()
#2 C:\xampp\htdocs\githubProject\codeigniter\system\Database\BaseBuilder.php(1649): CodeIgniter\Database\BaseConnection->query('SELECT 1\nFROM `...', Array, false)
#3 C:\xampp\htdocs\githubProject\codeigniter\system\Validation\Rules.php(175): CodeIgniter\Database\BaseBuilder->get()
#4 C:\xampp\htdocs\githubProject\codeigniter\system\Validation\StrictRules\Rules.php(187): CodeIgniter\Validation\Rules->is_unique('bach@gmail.com', 'admin.email', Array)
#5 C:\xampp\htdocs\githubProject\codeigniter\system\Validation\Validation.php(337): CodeIgniter\Validation\StrictRules\Rules->is_unique('bach@gmail.com', 'admin.email', Array, NULL, 'email')
#6 C:\xampp\htdocs\githubProject\codeigniter\system\Validation\Validation.php(202): CodeIgniter\Validation\Validation->processRules('email', 'email', 'bach@gmail.com', Array, Array, 'email')
#7 C:\xampp\htdocs\githubProject\codeigniter\app\Services\AdminService.php(61): CodeIgniter\Validation\Validation->run()
#8 C:\xampp\htdocs\githubProject\codeigniter\app\Services\AdminService.php(66): App\Services\AdminService->validationThemAdmin(Object(CodeIgniter\HTTP\IncomingRequest))
#9 C:\xampp\htdocs\githubProject\codeigniter\app\Controllers\admin\Login.php(26): App\Services\AdminService->themAdmin(Object(CodeIgniter\HTTP\IncomingRequest))
#10 C:\xampp\htdocs\githubProject\codeigniter\system\CodeIgniter.php(933): App\Controllers\admin\Login->create()
#11 C:\xampp\htdocs\githubProject\codeigniter\system\CodeIgniter.php(507): CodeIgniter\CodeIgniter->runController(Object(App\Controllers\admin\Login))
#12 C:\xampp\htdocs\githubProject\codeigniter\system\CodeIgniter.php(354): CodeIgniter\CodeIgniter->handleRequest(NULL, Object(Config\Cache), false)
#13 C:\xampp\htdocs\githubProject\codeigniter\system\Boot.php(334): CodeIgniter\CodeIgniter->run()
#14 C:\xampp\htdocs\githubProject\codeigniter\system\Boot.php(67): CodeIgniter\Boot::runCodeIgniter(Object(CodeIgniter\CodeIgniter))
#15 C:\xampp\htdocs\githubProject\codeigniter\public\index.php(55): CodeIgniter\Boot::bootWeb(Object(Config\Paths))
#16 C:\xampp\htdocs\githubProject\codeigniter\system\rewrite.php(44): require_once('C:\\xampp\\htdocs...')
#17 {main}
CRITICAL - 2025-04-23 11:38:29 --> CodeIgniter\Database\Exceptions\DatabaseException: Unable to connect to the database.
Main connection [MySQLi]: No connection could be made because the target machine actively refused it
[Method: POST, Route: admin/create]
in SYSTEMPATH\Database\BaseConnection.php on line 467.
 1 SYSTEMPATH\Database\BaseConnection.php(620): CodeIgniter\Database\BaseConnection->initialize()
 2 SYSTEMPATH\Database\BaseBuilder.php(1649): CodeIgniter\Database\BaseConnection->query('SELECT 1
FROM `admin`
WHERE `email` = :email:
 LIMIT 1', [...], false)
 3 SYSTEMPATH\Validation\Rules.php(175): CodeIgniter\Database\BaseBuilder->get()
 4 SYSTEMPATH\Validation\StrictRules\Rules.php(187): CodeIgniter\Validation\Rules->is_unique('bach@gmail.com', 'admin.email', [...])
 5 SYSTEMPATH\Validation\Validation.php(337): CodeIgniter\Validation\StrictRules\Rules->is_unique('bach@gmail.com', 'admin.email', [...], null, 'email')
 6 SYSTEMPATH\Validation\Validation.php(202): CodeIgniter\Validation\Validation->processRules('email', 'email', 'bach@gmail.com', [...], [...], 'email')
 7 APPPATH\Services\AdminService.php(61): CodeIgniter\Validation\Validation->run()
 8 APPPATH\Services\AdminService.php(66): App\Services\AdminService->validationThemAdmin(Object(CodeIgniter\HTTP\IncomingRequest))
 9 APPPATH\Controllers\admin\Login.php(26): App\Services\AdminService->themAdmin(Object(CodeIgniter\HTTP\IncomingRequest))
10 SYSTEMPATH\CodeIgniter.php(933): App\Controllers\admin\Login->create()
11 SYSTEMPATH\CodeIgniter.php(507): CodeIgniter\CodeIgniter->runController(Object(App\Controllers\admin\Login))
12 SYSTEMPATH\CodeIgniter.php(354): CodeIgniter\CodeIgniter->handleRequest(null, Object(Config\Cache), false)
13 SYSTEMPATH\Boot.php(334): CodeIgniter\CodeIgniter->run()
14 SYSTEMPATH\Boot.php(67): CodeIgniter\Boot::runCodeIgniter(Object(CodeIgniter\CodeIgniter))
15 FCPATH\index.php(55): CodeIgniter\Boot::bootWeb(Object(Config\Paths))
16 SYSTEMPATH\rewrite.php(44): require_once('C:\\xampp\\htdocs\\githubProject\\codeigniter\\public\\index.php')
ERROR - 2025-04-23 11:42:08 --> Error connecting to the database: mysqli_sql_exception: No connection could be made because the target machine actively refused it in C:\xampp\htdocs\githubProject\codeigniter\system\Database\MySQLi\Connection.php:201
Stack trace:
#0 C:\xampp\htdocs\githubProject\codeigniter\system\Database\MySQLi\Connection.php(201): mysqli->real_connect('localhost', 'root', Object(SensitiveParameterValue), 'koji', 3306, '', 0)
#1 C:\xampp\htdocs\githubProject\codeigniter\system\Database\BaseConnection.php(421): CodeIgniter\Database\MySQLi\Connection->connect(false)
#2 C:\xampp\htdocs\githubProject\codeigniter\system\Database\BaseConnection.php(620): CodeIgniter\Database\BaseConnection->initialize()
#3 C:\xampp\htdocs\githubProject\codeigniter\system\Database\BaseBuilder.php(1649): CodeIgniter\Database\BaseConnection->query('SELECT 1\nFROM `...', Array, false)
#4 C:\xampp\htdocs\githubProject\codeigniter\system\Validation\Rules.php(175): CodeIgniter\Database\BaseBuilder->get()
#5 C:\xampp\htdocs\githubProject\codeigniter\system\Validation\StrictRules\Rules.php(187): CodeIgniter\Validation\Rules->is_unique('bach@gmail.com', 'admin.email', Array)
#6 C:\xampp\htdocs\githubProject\codeigniter\system\Validation\Validation.php(337): CodeIgniter\Validation\StrictRules\Rules->is_unique('bach@gmail.com', 'admin.email', Array, NULL, 'email')
#7 C:\xampp\htdocs\githubProject\codeigniter\system\Validation\Validation.php(202): CodeIgniter\Validation\Validation->processRules('email', 'email', 'bach@gmail.com', Array, Array, 'email')
#8 C:\xampp\htdocs\githubProject\codeigniter\app\Services\AdminService.php(61): CodeIgniter\Validation\Validation->run()
#9 C:\xampp\htdocs\githubProject\codeigniter\app\Services\AdminService.php(66): App\Services\AdminService->validationThemAdmin(Object(CodeIgniter\HTTP\IncomingRequest))
#10 C:\xampp\htdocs\githubProject\codeigniter\app\Controllers\admin\Login.php(26): App\Services\AdminService->themAdmin(Object(CodeIgniter\HTTP\IncomingRequest))
#11 C:\xampp\htdocs\githubProject\codeigniter\system\CodeIgniter.php(933): App\Controllers\admin\Login->create()
#12 C:\xampp\htdocs\githubProject\codeigniter\system\CodeIgniter.php(507): CodeIgniter\CodeIgniter->runController(Object(App\Controllers\admin\Login))
#13 C:\xampp\htdocs\githubProject\codeigniter\system\CodeIgniter.php(354): CodeIgniter\CodeIgniter->handleRequest(NULL, Object(Config\Cache), false)
#14 C:\xampp\htdocs\githubProject\codeigniter\system\Boot.php(334): CodeIgniter\CodeIgniter->run()
#15 C:\xampp\htdocs\githubProject\codeigniter\system\Boot.php(67): CodeIgniter\Boot::runCodeIgniter(Object(CodeIgniter\CodeIgniter))
#16 C:\xampp\htdocs\githubProject\codeigniter\public\index.php(55): CodeIgniter\Boot::bootWeb(Object(Config\Paths))
#17 C:\xampp\htdocs\githubProject\codeigniter\system\rewrite.php(44): require_once('C:\\xampp\\htdocs...')
#18 {main}

Next CodeIgniter\Database\Exceptions\DatabaseException: No connection could be made because the target machine actively refused it in C:\xampp\htdocs\githubProject\codeigniter\system\Database\MySQLi\Connection.php:246
Stack trace:
#0 C:\xampp\htdocs\githubProject\codeigniter\system\Database\BaseConnection.php(421): CodeIgniter\Database\MySQLi\Connection->connect(false)
#1 C:\xampp\htdocs\githubProject\codeigniter\system\Database\BaseConnection.php(620): CodeIgniter\Database\BaseConnection->initialize()
#2 C:\xampp\htdocs\githubProject\codeigniter\system\Database\BaseBuilder.php(1649): CodeIgniter\Database\BaseConnection->query('SELECT 1\nFROM `...', Array, false)
#3 C:\xampp\htdocs\githubProject\codeigniter\system\Validation\Rules.php(175): CodeIgniter\Database\BaseBuilder->get()
#4 C:\xampp\htdocs\githubProject\codeigniter\system\Validation\StrictRules\Rules.php(187): CodeIgniter\Validation\Rules->is_unique('bach@gmail.com', 'admin.email', Array)
#5 C:\xampp\htdocs\githubProject\codeigniter\system\Validation\Validation.php(337): CodeIgniter\Validation\StrictRules\Rules->is_unique('bach@gmail.com', 'admin.email', Array, NULL, 'email')
#6 C:\xampp\htdocs\githubProject\codeigniter\system\Validation\Validation.php(202): CodeIgniter\Validation\Validation->processRules('email', 'email', 'bach@gmail.com', Array, Array, 'email')
#7 C:\xampp\htdocs\githubProject\codeigniter\app\Services\AdminService.php(61): CodeIgniter\Validation\Validation->run()
#8 C:\xampp\htdocs\githubProject\codeigniter\app\Services\AdminService.php(66): App\Services\AdminService->validationThemAdmin(Object(CodeIgniter\HTTP\IncomingRequest))
#9 C:\xampp\htdocs\githubProject\codeigniter\app\Controllers\admin\Login.php(26): App\Services\AdminService->themAdmin(Object(CodeIgniter\HTTP\IncomingRequest))
#10 C:\xampp\htdocs\githubProject\codeigniter\system\CodeIgniter.php(933): App\Controllers\admin\Login->create()
#11 C:\xampp\htdocs\githubProject\codeigniter\system\CodeIgniter.php(507): CodeIgniter\CodeIgniter->runController(Object(App\Controllers\admin\Login))
#12 C:\xampp\htdocs\githubProject\codeigniter\system\CodeIgniter.php(354): CodeIgniter\CodeIgniter->handleRequest(NULL, Object(Config\Cache), false)
#13 C:\xampp\htdocs\githubProject\codeigniter\system\Boot.php(334): CodeIgniter\CodeIgniter->run()
#14 C:\xampp\htdocs\githubProject\codeigniter\system\Boot.php(67): CodeIgniter\Boot::runCodeIgniter(Object(CodeIgniter\CodeIgniter))
#15 C:\xampp\htdocs\githubProject\codeigniter\public\index.php(55): CodeIgniter\Boot::bootWeb(Object(Config\Paths))
#16 C:\xampp\htdocs\githubProject\codeigniter\system\rewrite.php(44): require_once('C:\\xampp\\htdocs...')
#17 {main}
CRITICAL - 2025-04-23 11:42:08 --> CodeIgniter\Database\Exceptions\DatabaseException: Unable to connect to the database.
Main connection [MySQLi]: No connection could be made because the target machine actively refused it
[Method: POST, Route: admin/create]
in SYSTEMPATH\Database\BaseConnection.php on line 467.
 1 SYSTEMPATH\Database\BaseConnection.php(620): CodeIgniter\Database\BaseConnection->initialize()
 2 SYSTEMPATH\Database\BaseBuilder.php(1649): CodeIgniter\Database\BaseConnection->query('SELECT 1
FROM `admin`
WHERE `email` = :email:
 LIMIT 1', [...], false)
 3 SYSTEMPATH\Validation\Rules.php(175): CodeIgniter\Database\BaseBuilder->get()
 4 SYSTEMPATH\Validation\StrictRules\Rules.php(187): CodeIgniter\Validation\Rules->is_unique('bach@gmail.com', 'admin.email', [...])
 5 SYSTEMPATH\Validation\Validation.php(337): CodeIgniter\Validation\StrictRules\Rules->is_unique('bach@gmail.com', 'admin.email', [...], null, 'email')
 6 SYSTEMPATH\Validation\Validation.php(202): CodeIgniter\Validation\Validation->processRules('email', 'email', 'bach@gmail.com', [...], [...], 'email')
 7 APPPATH\Services\AdminService.php(61): CodeIgniter\Validation\Validation->run()
 8 APPPATH\Services\AdminService.php(66): App\Services\AdminService->validationThemAdmin(Object(CodeIgniter\HTTP\IncomingRequest))
 9 APPPATH\Controllers\admin\Login.php(26): App\Services\AdminService->themAdmin(Object(CodeIgniter\HTTP\IncomingRequest))
10 SYSTEMPATH\CodeIgniter.php(933): App\Controllers\admin\Login->create()
11 SYSTEMPATH\CodeIgniter.php(507): CodeIgniter\CodeIgniter->runController(Object(App\Controllers\admin\Login))
12 SYSTEMPATH\CodeIgniter.php(354): CodeIgniter\CodeIgniter->handleRequest(null, Object(Config\Cache), false)
13 SYSTEMPATH\Boot.php(334): CodeIgniter\CodeIgniter->run()
14 SYSTEMPATH\Boot.php(67): CodeIgniter\Boot::runCodeIgniter(Object(CodeIgniter\CodeIgniter))
15 FCPATH\index.php(55): CodeIgniter\Boot::bootWeb(Object(Config\Paths))
16 SYSTEMPATH\rewrite.php(44): require_once('C:\\xampp\\htdocs\\githubProject\\codeigniter\\public\\index.php')
ERROR - 2025-04-23 11:46:31 --> Validation failed: {"repassword":"M\u1eadt kh\u1ea9u nh\u1eadp l\u1ea1i kh\u00f4ng kh\u1edbp"}
ERROR - 2025-04-23 11:46:42 --> Exception in themAdmin: "App\Models\AdminModel" model class does not have a valid dateFormat.
ERROR - 2025-04-23 11:46:56 --> Exception in themAdmin: "App\Models\AdminModel" model class does not have a valid dateFormat.
ERROR - 2025-04-23 11:50:41 --> Validation failed: {"email":"\u0110\u1ecba ch\u1ec9 email kh\u00f4ng \u0111\u01b0\u1ee3c \u0111\u1ec3 tr\u1ed1ng","username":"T\u00ean t\u00e0i kho\u1ea3n kh\u00f4ng \u0111\u01b0\u1ee3c \u0111\u1ec3 tr\u1ed1ng","password":"M\u1eadt kh\u1ea9u kh\u00f4ng \u0111\u01b0\u1ee3c \u0111\u1ec3 tr\u1ed1ng","repassword":"Nh\u1eadp l\u1ea1i m\u1eadt kh\u1ea9u kh\u00f4ng \u0111\u01b0\u1ee3c \u0111\u1ec3 tr\u1ed1ng"}
CRITICAL - 2025-04-23 11:50:57 --> ErrorException: Array to string conversion
[Method: GET, Route: admin/login]
in APPPATH\Views\admin\index.php on line 52.
 1 APPPATH\Views\admin\index.php(52): CodeIgniter\Debug\Exceptions->errorHandler(2, 'Array to string conversion', 'C:\\xampp\\htdocs\\githubProject\\codeigniter\\app\\Views\\admin\\index.php', 52)
 2 SYSTEMPATH\View\View.php(224): include('C:\\xampp\\htdocs\\githubProject\\codeigniter\\app\\Views\\admin\\index.php')
 3 SYSTEMPATH\View\View.php(227): CodeIgniter\View\View->{closure:CodeIgniter\View\View::render():221}()
 4 SYSTEMPATH\Common.php(1173): CodeIgniter\View\View->render('admin/index', [], true)
 5 APPPATH\Controllers\admin\Login.php(19): view('admin/index')
 6 SYSTEMPATH\CodeIgniter.php(933): App\Controllers\admin\Login->index()
 7 SYSTEMPATH\CodeIgniter.php(507): CodeIgniter\CodeIgniter->runController(Object(App\Controllers\admin\Login))
 8 SYSTEMPATH\CodeIgniter.php(354): CodeIgniter\CodeIgniter->handleRequest(null, Object(Config\Cache), false)
 9 SYSTEMPATH\Boot.php(334): CodeIgniter\CodeIgniter->run()
10 SYSTEMPATH\Boot.php(67): CodeIgniter\Boot::runCodeIgniter(Object(CodeIgniter\CodeIgniter))
11 FCPATH\index.php(55): CodeIgniter\Boot::bootWeb(Object(Config\Paths))
12 SYSTEMPATH\rewrite.php(44): require_once('C:\\xampp\\htdocs\\githubProject\\codeigniter\\public\\index.php')
ERROR - 2025-04-23 11:58:23 --> Validation failed: {"username":"T\u00ean t\u00e0i kho\u1ea3n \u0111\u00e3 t\u1ed3n t\u1ea1i"}
